Archive member included because of file (symbol)

/usr/lib/gcc/arm-none-eabi/4.9.3/libgcc.a(_udivsi3.o)
                              binaries/qsort.o (__aeabi_uidiv)
/usr/lib/gcc/arm-none-eabi/4.9.3/libgcc.a(_divsi3.o)
                              binaries/xsh_help.o (__aeabi_idiv)
/usr/lib/gcc/arm-none-eabi/4.9.3/libgcc.a(_dvmd_tls.o)
                              /usr/lib/gcc/arm-none-eabi/4.9.3/libgcc.a(_udivsi3.o) (__aeabi_idiv0)

Allocating common symbols
Common symbol       size              file

netbufpool          0x4               binaries/net.o
readylist           0x2               binaries/ready.o
rfltab              0x5a0             binaries/rflinit.o
sleepq              0x2               binaries/clkinit.o
pid                 0x4               binaries/xsh_newmem.o
n                   0x4               binaries/xsh_newmem.o
intc_vector         0x200             binaries/evec.o
nnames              0x4               binaries/naminit.o
udptab              0x168             binaries/udp.o
minheap             0x4               binaries/meminit.o
marks               0x50              binaries/mark.o
currpid             0x4               binaries/initialize.o
Lf_data             0x20c             binaries/lfsinit.o
porttab             0x2d0             binaries/ptinit.o
ttytab              0x10c             binaries/ttyinit.o
f_queue             0x4               binaries/xsh_prodcons.o
proctab             0x15e0            binaries/initialize.o
newsp               0x4               binaries/xsh_newmem.o
eth_a_regs          0x1c              binaries/ethinit.o
prcount             0x4               binaries/initialize.o
lfltab              0xf00             binaries/lflinit.o
rdstab              0x8c              binaries/rdsinit.o
ethertab            0x138             binaries/ethinit.o
f3                  0x4               binaries/xsh_prodcons.o
nsaddr              0x4               binaries/dns.o
NetData             0xa8              binaries/net.o
nmarks              0x4               binaries/mark.o
memptr              0x4               binaries/xsh_newmem.o
f2                  0x4               binaries/xsh_prodcons.o
Defer               0x8               binaries/resched.o
semtab              0x4b0             binaries/initialize.o
maxheap             0x4               binaries/meminit.o
preempt             0x4               binaries/clkinit.o
buftab              0xf0              binaries/bufinit.o
Rf_data             0x18              binaries/rfsinit.o
stksize             0x4               binaries/xsh_newmem.o
f_shared            0x4               binaries/xsh_prodcons.o
mkmutex             0x4               binaries/mark.o
clktime             0x4               binaries/clkinit.o
sp                  0x4               binaries/xsh_newmem.o
cpudelay            0x4               binaries/main.o
arpcache            0x180             binaries/clkhandler.o
icmptab             0x230             binaries/icmp.o
nbpools             0x4               binaries/bufinit.o
queuetab            0x980             binaries/queue.o
f1                  0x4               binaries/xsh_prodcons.o
ptnextid            0x4               binaries/ptinit.o
Ram                 0x19000           binaries/raminit.o
f_exclusive         0x4               binaries/xsh_prodcons.o
ipoqueue            0x2c              binaries/ip.o
consumed            0x4               binaries/killme.o
memlist             0x8               binaries/initialize.o
produced            0x4               binaries/killme.o
nametab             0x19a0            binaries/naminit.o
ptfree              0x4               binaries/ptinit.o

Memory Configuration

Name             Origin             Length             Attributes
*default*        0x0000000000000000 0xffffffffffffffff

Linker script and memory map

                0x0000000081000000                physbase = 0x81000000
                0x0000000081000000                . = physbase
                0x0000000081000000                . = ALIGN (0x1000)

.text           0x0000000081000000    0x18000
                0x0000000081000000                text = ABSOLUTE (.)
 *(.text .text.*)
 .text          0x0000000081000000       0x4c binaries/start.o
                0x0000000081000000                start
 .text          0x000000008100004c      0x370 binaries/ascdate.o
                0x000000008100004c                ascdate
 .text          0x00000000810003bc       0x18 binaries/bufinit.o
                0x00000000810003bc                bufinit
 .text          0x00000000810003d4       0x70 binaries/chprio.o
                0x00000000810003d4                chprio
 .text          0x0000000081000444      0x144 binaries/clkhandler.o
                0x0000000081000444                clear_arp
                0x0000000081000494                clkhandler
 .text          0x0000000081000588       0xd4 binaries/clkinit.o
                0x0000000081000588                clkinit
 .text          0x000000008100065c       0x5c binaries/close.o
                0x000000008100065c                close
 .text          0x00000000810006b8        0x0 binaries/conf.o
 .text          0x00000000810006b8       0x70 binaries/control.o
                0x00000000810006b8                control
 .text          0x0000000081000728      0x2c0 binaries/create.o
                0x0000000081000728                create
 .text          0x00000000810009e8       0xb0 binaries/evec.o
                0x00000000810009e8                initintc
                0x0000000081000a14                set_evec
                0x0000000081000a54                irq_dispatch
 .text          0x0000000081000a98       0x10 binaries/exit.o
                0x0000000081000a98                exit
 .text          0x0000000081000aa8       0x84 binaries/freebuf.o
                0x0000000081000aa8                freebuf
 .text          0x0000000081000b2c      0x150 binaries/freemem.o
                0x0000000081000b2c                freemem
 .text          0x0000000081000c7c       0x9c binaries/future_alloc.o
                0x0000000081000c7c                future_alloc
 .text          0x0000000081000d18       0x5c binaries/future_free.o
                0x0000000081000d18                future_free
 .text          0x0000000081000d74      0x270 binaries/future_get.o
                0x0000000081000d74                future_get
 .text          0x0000000081000fe4       0xcc binaries/future_queue.o
                0x0000000081000fe4                f_enqueue
                0x0000000081001040                f_dequeue
                0x00000000810010a0                q_isempty
 .text          0x00000000810010b0      0x19c binaries/future_set.o
                0x00000000810010b0                future_set
 .text          0x000000008100124c       0x7c binaries/getbuf.o
                0x000000008100124c                getbuf
 .text          0x00000000810012c8       0x5c binaries/getc.o
                0x00000000810012c8                getc
 .text          0x0000000081001324       0x68 binaries/getdev.o
                0x0000000081001324                getdev
 .text          0x000000008100138c       0xa0 binaries/getitem.o
                0x000000008100138c                getitem
                0x00000000810013bc                getfirst
                0x00000000810013f0                getlast
 .text          0x000000008100142c      0x108 binaries/getmem.o
                0x000000008100142c                getmem
 .text          0x0000000081001534       0x10 binaries/getpid.o
                0x0000000081001534                getpid
 .text          0x0000000081001544       0x5c binaries/getprio.o
                0x0000000081001544                getprio
 .text          0x00000000810015a0       0xd0 binaries/getstk.o
                0x00000000810015a0                getstk
 .text          0x0000000081001670       0x38 binaries/gettime.o
                0x0000000081001670                gettime
 .text          0x00000000810016a8      0x1c8 binaries/getutime.o
                0x00000000810016a8                getutime
 .text          0x0000000081001870       0x5c binaries/init.o
                0x0000000081001870                init
 .text          0x00000000810018cc      0x2f8 binaries/initialize.o
                0x00000000810018cc                nulluser
                0x0000000081001b64                stop
                0x0000000081001b88                delay
 .text          0x0000000081001bc4       0xc0 binaries/insert.o
                0x0000000081001bc4                insert
 .text          0x0000000081001c84      0x12c binaries/insertd.o
                0x0000000081001c84                insertd
 .text          0x0000000081001db0        0x8 binaries/ioerr.o
                0x0000000081001db0                ioerr
 .text          0x0000000081001db8        0x8 binaries/ionull.o
                0x0000000081001db8                ionull
 .text          0x0000000081001dc0      0x190 binaries/kill.o
                0x0000000081001dc0                kill
 .text          0x0000000081001f50      0x1ec binaries/killme.o
                0x0000000081001f50                killme
 .text          0x000000008100213c       0xb4 binaries/kprintf.o
                0x000000008100213c                kputc
                0x000000008100217c                kgetc
                0x00000000810021b0                kprintf
 .text          0x00000000810021f0      0x118 binaries/main.o
                0x00000000810021f0                counterproc
                0x000000008100222c                main
 .text          0x0000000081002308       0xd0 binaries/mark.o
                0x0000000081002308                markinit
                0x0000000081002334                mark
 .text          0x00000000810023d8       0xd0 binaries/maxstk.o
                0x00000000810023d8                maxstk
 .text          0x00000000810024a8       0x44 binaries/meminit.o
                0x00000000810024a8                meminit
 .text          0x00000000810024ec      0x138 binaries/mkbufpool.o
                0x00000000810024ec                mkbufpool
 .text          0x0000000081002624      0x2c4 binaries/newcreate.o
                0x0000000081002624                newcreate
 .text          0x00000000810028e8       0xcc binaries/newgetstk.o
                0x00000000810028e8                newgetstk
 .text          0x00000000810029b4       0x88 binaries/newqueue.o
                0x00000000810029b4                newqueue
 .text          0x0000000081002a3c       0x68 binaries/open.o
                0x0000000081002a3c                open
 .text          0x0000000081002aa4       0x20 binaries/panic.o
                0x0000000081002aa4                panic
 .text          0x0000000081002ac4       0x48 binaries/platinit.o
                0x0000000081002ac4                platinit
 .text          0x0000000081002b0c       0xa8 binaries/ptclear.o
                0x0000000081002b0c                _ptclear
 .text          0x0000000081002bb4       0x90 binaries/ptcount.o
                0x0000000081002bb4                ptcount
 .text          0x0000000081002c44      0x100 binaries/ptcreate.o
                0x0000000081002c44                ptcreate
 .text          0x0000000081002d44       0x70 binaries/ptdelete.o
                0x0000000081002d44                ptdelete
 .text          0x0000000081002db4       0xbc binaries/ptinit.o
                0x0000000081002db4                ptinit
 .text          0x0000000081002e70      0x144 binaries/ptrecv.o
                0x0000000081002e70                ptrecv
 .text          0x0000000081002fb4       0x6c binaries/ptreset.o
                0x0000000081002fb4                ptreset
 .text          0x0000000081003020      0x15c binaries/ptsend.o
                0x0000000081003020                ptsend
 .text          0x000000008100317c       0x64 binaries/putc.o
                0x000000008100317c                putc
 .text          0x00000000810031e0       0xe0 binaries/queue.o
                0x00000000810031e0                enqueue
                0x0000000081003264                dequeue
 .text          0x00000000810032c0       0x68 binaries/read.o
                0x00000000810032c0                read
 .text          0x0000000081003328       0x74 binaries/ready.o
                0x0000000081003328                ready
 .text          0x000000008100339c       0x84 binaries/receive.o
                0x000000008100339c                receive
 .text          0x0000000081003420       0x64 binaries/recvclr.o
                0x0000000081003420                recvclr
 .text          0x0000000081003484       0xe0 binaries/recvtime.o
                0x0000000081003484                recvtime
 .text          0x0000000081003564      0x1d0 binaries/resched.o
                0x0000000081003564                resched
                0x0000000081003680                resched_cntl
 .text          0x0000000081003734       0x88 binaries/resume.o
                0x0000000081003734                resume
 .text          0x00000000810037bc       0x64 binaries/seek.o
                0x00000000810037bc                seek
 .text          0x0000000081003820       0x58 binaries/semcount.o
                0x0000000081003820                semcount
 .text          0x0000000081003878       0xb8 binaries/semcreate.o
                0x0000000081003878                semcreate
 .text          0x0000000081003930       0xc8 binaries/semdelete.o
                0x0000000081003930                semdelete
 .text          0x00000000810039f8       0xb4 binaries/semreset.o
                0x00000000810039f8                semreset
 .text          0x0000000081003aac       0xc8 binaries/send.o
                0x0000000081003aac                send
 .text          0x0000000081003b74       0x98 binaries/signal.o
                0x0000000081003b74                signal
 .text          0x0000000081003c0c       0xb8 binaries/signaln.o
                0x0000000081003c0c                signaln
 .text          0x0000000081003cc4       0xd4 binaries/sleep.o
                0x0000000081003cc4                sleepms
                0x0000000081003d64                sleep
 .text          0x0000000081003d98       0xd0 binaries/suspend.o
                0x0000000081003d98                suspend
 .text          0x0000000081003e68       0xa4 binaries/unsleep.o
                0x0000000081003e68                unsleep
 .text          0x0000000081003f0c       0x10 binaries/userret.o
                0x0000000081003f0c                userret
 .text          0x0000000081003f1c       0xc4 binaries/wait.o
                0x0000000081003f1c                wait
 .text          0x0000000081003fe0       0x90 binaries/wakeup.o
                0x0000000081003fe0                wakeup
 .text          0x0000000081004070       0x68 binaries/write.o
                0x0000000081004070                write
 .text          0x00000000810040d8       0x18 binaries/xdone.o
                0x00000000810040d8                xdone
 .text          0x00000000810040f0       0x20 binaries/yield.o
                0x00000000810040f0                yield
 .text          0x0000000081004110        0xc binaries/abs.o
                0x0000000081004110                abs
 .text          0x000000008100411c      0x130 binaries/atoi.o
                0x000000008100411c                atoi
 .text          0x000000008100424c      0x130 binaries/atol.o
                0x000000008100424c                atol
 .text          0x000000008100437c       0x20 binaries/bzero.o
                0x000000008100437c                bzero
 .text          0x000000008100439c        0x0 binaries/ctype_.o
 .text          0x000000008100439c      0x968 binaries/doprnt.o
                0x000000008100458c                _doprnt
 .text          0x0000000081004d04      0x728 binaries/doscan.o
                0x0000000081004d04                _doscan
 .text          0x000000008100542c      0x8c0 binaries/fdoprnt.o
                0x00000000810054dc                _fdoprnt
 .text          0x0000000081005cec       0x14 binaries/fgetc.o
                0x0000000081005cec                fgetc
 .text          0x0000000081005d00       0x84 binaries/fgets.o
                0x0000000081005d00                fgets
 .text          0x0000000081005d84       0x3c binaries/fprintf.o
                0x0000000081005d84                fprintf
 .text          0x0000000081005dc0       0x24 binaries/fputc.o
                0x0000000081005dc0                fputc
 .text          0x0000000081005de4       0x38 binaries/fputs.o
                0x0000000081005de4                fputs
 .text          0x0000000081005e1c       0x78 binaries/fscanf.o
                0x0000000081005e50                fscanf
 .text          0x0000000081005e94       0x2c binaries/getchar.o
                0x0000000081005e94                getchar
 .text          0x0000000081005ec0        0xc binaries/labs.o
                0x0000000081005ec0                labs
 .text          0x0000000081005ecc       0x40 binaries/memchr.o
                0x0000000081005ecc                memchr
 .text          0x0000000081005f0c       0x58 binaries/memcmp.o
                0x0000000081005f0c                memcmp
 .text          0x0000000081005f64       0x24 binaries/memcpy.o
                0x0000000081005f64                memcpy
 .text          0x0000000081005f88       0x20 binaries/memset.o
                0x0000000081005f88                memset
 .text          0x0000000081005fa8       0x58 binaries/printf.o
                0x0000000081005fa8                printf
 .text          0x0000000081006000       0x2c binaries/putchar.o
                0x0000000081006000                putchar
 .text          0x000000008100602c      0x238 binaries/qsort.o
                0x0000000081006244                qsort
 .text          0x0000000081006264       0x38 binaries/rand.o
                0x0000000081006264                srand
                0x0000000081006274                rand
 .text          0x000000008100629c       0x68 binaries/sprintf.o
                0x00000000810062b4                sprintf
 .text          0x0000000081006304       0x78 binaries/sscanf.o
                0x0000000081006338                sscanf
 .text          0x000000008100637c       0x40 binaries/strchr.o
                0x000000008100637c                strchr
 .text          0x00000000810063bc       0x54 binaries/strcmp.o
                0x00000000810063bc                strcmp
 .text          0x0000000081006410       0x1c binaries/strcpy.o
                0x0000000081006410                strcpy
 .text          0x000000008100642c       0x30 binaries/strlen.o
                0x000000008100642c                strlen
 .text          0x000000008100645c       0x50 binaries/strncat.o
                0x000000008100645c                strncat
 .text          0x00000000810064ac       0x50 binaries/strncmp.o
                0x00000000810064ac                strncmp
 .text          0x00000000810064fc       0x80 binaries/strncpy.o
                0x00000000810064fc                strncpy
 .text          0x000000008100657c       0x50 binaries/strnlen.o
                0x000000008100657c                strnlen
 .text          0x00000000810065cc       0x40 binaries/strrchr.o
                0x00000000810065cc                strrchr
 .text          0x000000008100660c       0xb0 binaries/strstr.o
                0x000000008100660c                strstr
 .text          0x00000000810066bc      0x154 binaries/ttycontrol.o
                0x00000000810066bc                ttycontrol
 .text          0x0000000081006810       0xc8 binaries/ttygetc.o
                0x0000000081006810                ttygetc
 .text          0x00000000810068d8      0x4d4 binaries/ttyhandle_in.o
                0x00000000810069a4                ttyhandle_in
 .text          0x0000000081006dac      0x16c binaries/ttyhandle_out.o
                0x0000000081006dac                ttyhandle_out
 .text          0x0000000081006f18       0xcc binaries/ttyhandler.o
                0x0000000081006f18                ttyhandler
 .text          0x0000000081006fe4      0x144 binaries/ttyinit.o
                0x0000000081006fe4                ttyinit
 .text          0x0000000081007128        0xc binaries/ttykickout.o
                0x0000000081007128                ttykickout
 .text          0x0000000081007134       0x9c binaries/ttyputc.o
                0x0000000081007134                ttyputc
 .text          0x00000000810071d0      0x134 binaries/ttyread.o
                0x00000000810071d0                ttyread
 .text          0x0000000081007304       0x48 binaries/ttywrite.o
                0x0000000081007304                ttywrite
 .text          0x000000008100734c      0x160 binaries/mount.o
                0x000000008100734c                namlen
                0x00000000810073a4                mount
 .text          0x00000000810074ac      0x1c0 binaries/naminit.o
                0x00000000810074ac                naminit
 .text          0x000000008100766c      0x24c binaries/nammap.o
                0x000000008100766c                namrepl
                0x00000000810077bc                namcpy
                0x0000000081007818                nammap
 .text          0x00000000810078b8       0x40 binaries/namopen.o
                0x00000000810078b8                namopen
 .text          0x00000000810078f8      0x108 binaries/colon2mac.o
                0x00000000810078f8                colon2mac
 .text          0x0000000081007a00       0x44 binaries/ethcontrol.o
                0x0000000081007a00                ethcontrol
 .text          0x0000000081007a44      0x178 binaries/ethhandler.o
                0x0000000081007a44                ethhandler
 .text          0x0000000081007bbc      0x7f8 binaries/ethinit.o
                0x0000000081007bbc                eth_phy_read
                0x0000000081007c20                eth_phy_write
                0x0000000081007c68                eth_phy_reset
                0x0000000081007dc8                ethinit
 .text          0x00000000810083b4       0xf8 binaries/ethread.o
                0x00000000810083b4                ethread
 .text          0x00000000810084ac      0x120 binaries/ethwrite.o
                0x00000000810084ac                ethwrite
 .text          0x00000000810085cc       0x88 binaries/rdsbufalloc.o
                0x00000000810085cc                rdsbufalloc
 .text          0x0000000081008654       0xe8 binaries/rdsclose.o
                0x0000000081008654                rdsclose
 .text          0x000000008100873c      0x1e8 binaries/rdscomm.o
                0x000000008100873c                rdscomm
 .text          0x0000000081008924      0x1b0 binaries/rdscontrol.o
                0x0000000081008924                rdscontrol
 .text          0x0000000081008ad4      0x1e0 binaries/rdsinit.o
                0x0000000081008ad4                rdsinit
 .text          0x0000000081008cb4      0x1a0 binaries/rdsopen.o
                0x0000000081008cb4                rdsopen
 .text          0x0000000081008e54      0x2d4 binaries/rdsprocess.o
                0x0000000081008e54                rdsprocess
 .text          0x0000000081009128      0x240 binaries/rdsread.o
                0x0000000081009128                rdsread
 .text          0x0000000081009368      0x1d0 binaries/rdswrite.o
                0x0000000081009368                rdswrite
 .text          0x0000000081009538        0x8 binaries/ramclose.o
                0x0000000081009538                ramclose
 .text          0x0000000081009540       0x3c binaries/raminit.o
                0x0000000081009540                raminit
 .text          0x000000008100957c        0x8 binaries/ramopen.o
                0x000000008100957c                ramopen
 .text          0x0000000081009584       0x24 binaries/ramread.o
                0x0000000081009584                ramread
 .text          0x00000000810095a8       0x20 binaries/ramwrite.o
                0x00000000810095a8                ramwrite
 .text          0x00000000810095c8       0x94 binaries/lfdballoc.o
                0x00000000810095c8                lfdballoc
 .text          0x000000008100965c       0x4c binaries/lfdbfree.o
                0x000000008100965c                lfdbfree
 .text          0x00000000810096a8       0xb8 binaries/lfflush.o
                0x00000000810096a8                lfflush
 .text          0x0000000081009760       0xc8 binaries/lfgetmode.o
                0x0000000081009760                lfgetmode
 .text          0x0000000081009828       0x6c binaries/lfiballoc.o
                0x0000000081009828                lfiballoc
 .text          0x0000000081009894       0x28 binaries/lfibclear.o
                0x0000000081009894                lfibclear
 .text          0x00000000810098bc       0x64 binaries/lfibget.o
                0x00000000810098bc                lfibget
 .text          0x0000000081009920       0x90 binaries/lfibput.o
                0x0000000081009920                lfibput
 .text          0x00000000810099b0       0xc4 binaries/lflclose.o
                0x00000000810099b0                lflclose
 .text          0x0000000081009a74       0xc8 binaries/lflcontrol.o
                0x0000000081009a74                lflcontrol
 .text          0x0000000081009b3c      0x10c binaries/lflgetc.o
                0x0000000081009b3c                lflgetc
 .text          0x0000000081009c48       0xd0 binaries/lflinit.o
                0x0000000081009c48                lflinit
 .text          0x0000000081009d18      0x14c binaries/lflputc.o
                0x0000000081009d18                lflputc
 .text          0x0000000081009e64       0x70 binaries/lflread.o
                0x0000000081009e64                lflread
 .text          0x0000000081009ed4       0xc0 binaries/lflseek.o
                0x0000000081009ed4                lflseek
 .text          0x0000000081009f94       0x50 binaries/lflwrite.o
                0x0000000081009f94                lflwrite
 .text          0x0000000081009fe4      0x11c binaries/lfsckfmt.o
                0x0000000081009fe4                lfsckfmt
 .text          0x000000008100a100      0x15c binaries/lfscreate.o
                0x000000008100a100                lfscreate
 .text          0x000000008100a25c      0x1f0 binaries/lfsetup.o
                0x000000008100a25c                lfsetup
 .text          0x000000008100a44c       0x44 binaries/lfsinit.o
                0x000000008100a44c                lfsinit
 .text          0x000000008100a490      0x378 binaries/lfsopen.o
                0x000000008100a490                lfsopen
 .text          0x000000008100a808      0x110 binaries/lftruncate.o
                0x000000008100a808                lftruncate
 .text          0x000000008100a918       0x7c binaries/rflclose.o
                0x000000008100a918                rflclose
 .text          0x000000008100a994       0x28 binaries/rflgetc.o
                0x000000008100a994                rflgetc
 .text          0x000000008100a9bc       0x88 binaries/rflinit.o
                0x000000008100a9bc                rflinit
 .text          0x000000008100aa44       0x2c binaries/rflputc.o
                0x000000008100aa44                rflputc
 .text          0x000000008100aa70      0x2c4 binaries/rflread.o
                0x000000008100aa70                rflread
 .text          0x000000008100ad34       0x7c binaries/rflseek.o
                0x000000008100ad34                rflseek
 .text          0x000000008100adb0      0x2e0 binaries/rflwrite.o
                0x000000008100adb0                rflwrite
 .text          0x000000008100b090      0x198 binaries/rfscomm.o
                0x000000008100b090                rfscomm
 .text          0x000000008100b228      0x224 binaries/rfscontrol.o
                0x000000008100b228                rfscontrol
 .text          0x000000008100b44c       0xc8 binaries/rfsgetmode.o
                0x000000008100b44c                rfsgetmode
 .text          0x000000008100b514       0x84 binaries/rfsinit.o
                0x000000008100b514                rfsinit
 .text          0x000000008100b598       0x98 binaries/rfsndmsg.o
                0x000000008100b598                rfsndmsg
 .text          0x000000008100b630      0x238 binaries/rfsopen.o
                0x000000008100b630                rfsopen
 .text          0x000000008100b868      0x79c binaries/arp.o
                0x000000008100b868                arp_init
                0x000000008100b888                arp_alloc
                0x000000008100b960                arp_ntoh
                0x000000008100ba04                arp_hton
                0x000000008100baa8                arp_resolve
                0x000000008100bd40                arp_in
 .text          0x000000008100c004      0xd78 binaries/dhcp.o
                0x000000008100c004                dump_dhcp_msg
                0x000000008100c628                get_dhcp_option_value
                0x000000008100c684                build_dhcp_discover
                0x000000008100c7b0                build_dhcp_request
                0x000000008100c95c                getlocalip_boot
                0x000000008100cd64                getlocalip
 .text          0x000000008100cd7c      0x414 binaries/dns.o
                0x000000008100cd7c                dns_bldq
                0x000000008100ce28                dns_getrname
                0x000000008100ceec                dns_geta
                0x000000008100d01c                dns_qa
 .text          0x000000008100d190      0x108 binaries/dot2ip.o
                0x000000008100d190                dot2ip
 .text          0x000000008100d298      0x328 binaries/hexdump.o
                0x000000008100d298                hexdump
                0x000000008100d3e4                hexadump
 .text          0x000000008100d5c0      0x71c binaries/icmp.o
                0x000000008100d5c0                icmp_init
                0x000000008100d5e4                icmp_register
                0x000000008100d6a4                icmp_recv
                0x000000008100d844                icmp_mkpkt
                0x000000008100d934                icmp_in
                0x000000008100dac0                icmp_send
                0x000000008100db30                icmp_release
                0x000000008100dc18                icmp_cksum
                0x000000008100dc74                icmp_hton
                0x000000008100dca8                icmp_ntoh
 .text          0x000000008100dcdc      0x67c binaries/ip.o
                0x000000008100dcdc                ip_local
                0x000000008100dd0c                ipcksum
                0x000000008100dd50                ip_ntoh
                0x000000008100ddf4                ip_in
                0x000000008100df24                ip_hton
                0x000000008100dfc8                ip_out
                0x000000008100e07c                ip_send
                0x000000008100e1ac                ipout
                0x000000008100e2bc                ip_enqueue
 .text          0x000000008100e358      0x1c4 binaries/net.o
                0x000000008100e358                net_init
                0x000000008100e450                eth_hton
                0x000000008100e464                eth_ntoh
                0x000000008100e478                netin
 .text          0x000000008100e51c       0xf8 binaries/netstart.o
                0x000000008100e51c                netstart
 .text          0x000000008100e614      0x9dc binaries/pdump.o
                0x000000008100e614                pdump
                0x000000008100eba0                pdumph
 .text          0x000000008100eff0      0x580 binaries/tftp.o
                0x000000008100eff0                tftp_send1
                0x000000008100f0dc                tftpget_mb
                0x000000008100f53c                tftpget
 .text          0x000000008100f570      0xa20 binaries/udp.o
                0x000000008100f570                udp_init
                0x000000008100f598                udp_in
                0x000000008100f6cc                udp_register
                0x000000008100f7d0                udp_recv
                0x000000008100f96c                udp_recvaddr
                0x000000008100fb24                udp_send
                0x000000008100fccc                udp_sendto
                0x000000008100fe38                udp_release
                0x000000008100ff28                udp_ntoh
                0x000000008100ff5c                udp_hton
 .text          0x000000008100ff90      0x13c binaries/addargs.o
                0x000000008100ff90                addargs
 .text          0x00000000810100cc      0x28c binaries/lexan.o
                0x00000000810100cc                lexan
 .text          0x0000000081010358      0x68c binaries/shell.o
                0x0000000081010358                shell
 .text          0x00000000810109e4       0x64 binaries/xsh_argecho.o
                0x00000000810109e4                xsh_argecho
 .text          0x0000000081010a48      0x1d8 binaries/xsh_arp.o
                0x0000000081010a48                xsh_arp
 .text          0x0000000081010c20      0x234 binaries/xsh_cat.o
                0x0000000081010c20                xsh_cat
 .text          0x0000000081010e54       0x5c binaries/xsh_clear.o
                0x0000000081010e54                xsh_clear
 .text          0x0000000081010eb0      0x29c binaries/xsh_date.o
                0x0000000081010eb0                xsh_date
 .text          0x000000008101114c       0x98 binaries/xsh_devdump.o
                0x000000008101114c                xsh_devdump
 .text          0x00000000810111e4       0x68 binaries/xsh_echo.o
                0x00000000810111e4                xsh_echo
 .text          0x000000008101124c        0x8 binaries/xsh_exit.o
                0x000000008101124c                xsh_exit
 .text          0x0000000081011254       0xb4 binaries/xsh_hello.o
                0x0000000081011254                xsh_hello
 .text          0x0000000081011308      0x3b8 binaries/xsh_help.o
                0x0000000081011308                xsh_help
 .text          0x00000000810116c0      0x354 binaries/xsh_ipaddr.o
                0x00000000810116c0                xsh_ipaddr
 .text          0x0000000081011a14      0x1fc binaries/xsh_kill.o
                0x0000000081011a14                xsh_kill
 .text          0x0000000081011c10      0x2ac binaries/xsh_led.o
                0x0000000081011c10                xsh_led
 .text          0x0000000081011ebc      0x434 binaries/xsh_memdump.o
                0x0000000081011fb0                xsh_memdump
 .text          0x00000000810122f0      0x224 binaries/xsh_memstat.o
                0x00000000810122f0                xsh_memstat
 .text          0x0000000081012514       0x3c binaries/xsh_network.o
                0x0000000081012514                xsh_network
 .text          0x0000000081012550      0x2fc binaries/xsh_newmem.o
                0x0000000081012550                printfreelist
                0x00000000810125b8                xsh_newmem
 .text          0x000000008101284c      0x3b8 binaries/xsh_ping.o
                0x000000008101284c                xsh_ping
 .text          0x0000000081012c04      0x594 binaries/xsh_prodcons.o
                0x0000000081012c04                isNumeric
                0x0000000081012c60                xsh_prodcons
 .text          0x0000000081013198      0x220 binaries/xsh_ps.o
                0x0000000081013198                xsh_ps
 .text          0x00000000810133b8       0x18 binaries/xsh_reset.o
                0x00000000810133b8                xsh_reset
 .text          0x00000000810133d0      0x1d4 binaries/xsh_sleep.o
                0x00000000810133d0                xsh_sleep
 .text          0x00000000810135a4      0x244 binaries/xsh_udpdump.o
                0x00000000810135a4                xsh_udpdump
 .text          0x00000000810137e8      0x3fc binaries/xsh_udpecho.o
                0x00000000810137e8                xsh_udpecho
 .text          0x0000000081013be4      0x250 binaries/xsh_udpeserver.o
                0x0000000081013be4                xsh_udpeserver
 .text          0x0000000081013e34      0x1b4 binaries/xsh_uptime.o
                0x0000000081013e34                xsh_uptime
 .text          0x0000000081013fe8       0x88 binaries/consumer.o
                0x0000000081013fe8                consumer
 .text          0x0000000081014070       0x88 binaries/future_cons.o
                0x0000000081014070                future_cons
 .text          0x00000000810140f8       0x3c binaries/future_prod.o
                0x00000000810140f8                future_prod
 .text          0x0000000081014134       0x88 binaries/network_consumer.o
                0x0000000081014134                net_consumer
 .text          0x00000000810141bc       0x2c binaries/network_producer.o
                0x00000000810141bc                net_producer
 .text          0x00000000810141e8       0x64 binaries/producer.o
                0x00000000810141e8                producer
 .text          0x000000008101424c       0x54 binaries/testprocess.o
                0x000000008101424c                fact
                0x0000000081014274                testprocess
 .text          0x00000000810142a0      0x130 binaries/xinu_client.o
                0x00000000810142a0                netserver
 .text          0x00000000810143d0       0x2c binaries/ctxsw.o
                0x00000000810143d0                ctxsw
 .text          0x00000000810143fc      0x100 binaries/intr.o
                0x00000000810143fc                disable
                0x0000000081014408                restore
                0x000000008101442c                enable
                0x0000000081014434                pause
                0x0000000081014434                halt
                0x000000008101443c                irq_except
                0x000000008101446c                initevec
                0x00000000810144cc                expjmpinstr
 .text          0x00000000810144fc      0x114 /usr/lib/gcc/arm-none-eabi/4.9.3/libgcc.a(_udivsi3.o)
                0x00000000810144fc                __udivsi3
                0x00000000810144fc                __aeabi_uidiv
                0x00000000810145f0                __aeabi_uidivmod
 .text          0x0000000081014610      0x148 /usr/lib/gcc/arm-none-eabi/4.9.3/libgcc.a(_divsi3.o)
                0x0000000081014610                __aeabi_idiv
                0x0000000081014610                __divsi3
                0x0000000081014738                __aeabi_idivmod
 .text          0x0000000081014758        0x4 /usr/lib/gcc/arm-none-eabi/4.9.3/libgcc.a(_dvmd_tls.o)
                0x0000000081014758                __aeabi_ldiv0
                0x0000000081014758                __aeabi_idiv0
 *(.rodata .rodata.*)
 .rodata.str1.4
                0x000000008101475c       0x78 binaries/ascdate.o
 .rodata.str1.4
                0x00000000810147d4       0xcb binaries/conf.o
 *fill*         0x000000008101489f        0x1 
 .rodata.str1.4
                0x00000000810148a0       0x60 binaries/getutime.o
 .rodata.str1.4
                0x0000000081014900      0x16c binaries/initialize.o
                                        0x170 (size before relaxing)
 .rodata.str1.4
                0x0000000081014a6c       0x19 binaries/killme.o
 *fill*         0x0000000081014a85        0x3 
 .rodata.str1.4
                0x0000000081014a88       0x62 binaries/main.o
 *fill*         0x0000000081014aea        0x2 
 .rodata.str1.4
                0x0000000081014aec       0x10 binaries/panic.o
 .rodata.str1.4
                0x0000000081014afc       0x1c binaries/ptinit.o
 .rodata.str1.4
                0x0000000081014b18       0x25 binaries/ptsend.o
 *fill*         0x0000000081014b3d        0x3 
 .rodata.str1.4
                0x0000000081014b40       0x27 binaries/xdone.o
 *fill*         0x0000000081014b67        0x1 
 .rodata        0x0000000081014b68       0x81 binaries/ctype_.o
                0x0000000081014b68                _ctype_
 *fill*         0x0000000081014be9        0x3 
 .rodata.str1.4
                0x0000000081014bec       0x2f binaries/doprnt.o
 .rodata.str1.4
                0x0000000000000000       0x2d binaries/fdoprnt.o
 *fill*         0x0000000081014c1b        0x1 
 .rodata.str1.4
                0x0000000081014c1c       0x86 binaries/naminit.o
                                         0x8e (size before relaxing)
 *fill*         0x0000000081014ca2        0x2 
 .rodata.str1.4
                0x0000000081014ca4       0xe5 binaries/ethinit.o
 *fill*         0x0000000081014d89        0x3 
 .rodata.str1.4
                0x0000000081014d8c       0x12 binaries/ethread.o
 *fill*         0x0000000081014d9e        0x2 
 .rodata.str1.4
                0x0000000081014da0       0x2c binaries/rdsbufalloc.o
 .rodata.str1.4
                0x0000000081014dcc       0x76 binaries/rdscomm.o
 *fill*         0x0000000081014e42        0x2 
 .rodata.str1.4
                0x0000000081014e44       0x48 binaries/rdscontrol.o
 .rodata.str1.4
                0x0000000081014e8c       0x96 binaries/rdsinit.o
 *fill*         0x0000000081014f22        0x2 
 .rodata.str1.4
                0x0000000081014f24       0x22 binaries/rdsopen.o
 *fill*         0x0000000081014f46        0x2 
 .rodata.str1.4
                0x0000000081014f48       0x4d binaries/rdsprocess.o
 *fill*         0x0000000081014f95        0x3 
 .rodata.str1.4
                0x0000000081014f98        0x9 binaries/raminit.o
 *fill*         0x0000000081014fa1        0x3 
 .rodata.str1.4
                0x0000000081014fa4       0x37 binaries/lfdballoc.o
 *fill*         0x0000000081014fdb        0x1 
 .rodata.str1.4
                0x0000000081014fdc       0x14 binaries/lfiballoc.o
 .rodata.str1.4
                0x0000000081014ff0       0x23 binaries/lflcontrol.o
 *fill*         0x0000000081015013        0x1 
 .rodata.str1.4
                0x0000000081015014       0xbb binaries/lfsckfmt.o
 *fill*         0x00000000810150cf        0x1 
 .rodata.str1.4
                0x00000000810150d0       0x21 binaries/rflread.o
 .rodata.str1.4
                0x0000000000000000       0x21 binaries/rflwrite.o
 *fill*         0x00000000810150f1        0x3 
 .rodata.str1.4
                0x00000000810150f4       0x75 binaries/rfscomm.o
 *fill*         0x0000000081015169        0x3 
 .rodata.str1.4
                0x000000008101516c       0x23 binaries/rfscontrol.o
 *fill*         0x000000008101518f        0x1 
 .rodata.str1.4
                0x0000000081015190       0x63 binaries/rfsinit.o
 *fill*         0x00000000810151f3        0x1 
 .rodata.str1.4
                0x00000000810151f4       0x2a binaries/rfsndmsg.o
 .rodata.str1.4
                0x0000000000000000       0x22 binaries/rfsopen.o
 *fill*         0x000000008101521e        0x2 
 .rodata.str1.4
                0x0000000081015220       0x3d binaries/arp.o
 *fill*         0x000000008101525d        0x3 
 .rodata.str1.4
                0x0000000081015260      0x462 binaries/dhcp.o
                                        0x466 (size before relaxing)
 *fill*         0x00000000810156c2        0x2 
 .rodata.str1.4
                0x00000000810156c4       0xca binaries/hexdump.o
                                         0xd6 (size before relaxing)
 *fill*         0x000000008101578e        0x2 
 .rodata.str1.4
                0x0000000081015790       0x29 binaries/icmp.o
 *fill*         0x00000000810157b9        0x3 
 .rodata.str1.4
                0x00000000810157bc       0x52 binaries/ip.o
 *fill*         0x000000008101580e        0x2 
 .rodata.str1.4
                0x0000000081015810       0x53 binaries/net.o
 *fill*         0x0000000081015863        0x1 
 .rodata.str1.4
                0x0000000081015864       0x8f binaries/netstart.o
 *fill*         0x00000000810158f3        0x1 
 .rodata.str1.4
                0x00000000810158f4      0x292 binaries/pdump.o
                                        0x296 (size before relaxing)
 *fill*         0x0000000081015b86        0x2 
 .rodata.str1.4
                0x0000000081015b88      0x178 binaries/tftp.o
                                        0x17c (size before relaxing)
 .rodata        0x0000000081015d00      0x138 binaries/shell.o
                0x0000000081015d00                cmdtab
 .rodata.str1.4
                0x0000000081015e38      0x317 binaries/shell.o
                                        0x31f (size before relaxing)
 *fill*         0x000000008101614f        0x1 
 .rodata.str1.4
                0x0000000081016150       0x29 binaries/xsh_argecho.o
                                         0x2e (size before relaxing)
 *fill*         0x0000000081016179        0x3 
 .rodata.str1.4
                0x000000008101617c      0x15b binaries/xsh_arp.o
                                        0x15f (size before relaxing)
 *fill*         0x00000000810162d7        0x1 
 .rodata.str1.4
                0x00000000810162d8       0x81 binaries/xsh_cat.o
                                         0xd1 (size before relaxing)
 *fill*         0x0000000081016359        0x3 
 .rodata.str1.4
                0x000000008101635c       0x15 binaries/xsh_clear.o
 *fill*         0x0000000081016371        0x3 
 .rodata.str1.4
                0x0000000081016374      0x1af binaries/xsh_date.o
                                        0x1cb (size before relaxing)
 *fill*         0x0000000081016523        0x1 
 .rodata.str1.4
                0x0000000081016524       0x61 binaries/xsh_devdump.o
 *fill*         0x0000000081016585        0x3 
 .rodata.str1.4
                0x0000000081016588        0x8 binaries/xsh_echo.o
                                          0xa (size before relaxing)
 .rodata.str1.4
                0x0000000081016590       0xa2 binaries/xsh_hello.o
                                         0xd2 (size before relaxing)
 *fill*         0x0000000081016632        0x2 
 .rodata.str1.4
                0x0000000081016634       0xe7 binaries/xsh_help.o
                                        0x17a (size before relaxing)
 *fill*         0x000000008101671b        0x1 
 .rodata.str1.4
                0x000000008101671c       0xfb binaries/xsh_ipaddr.o
                                        0x1ab (size before relaxing)
 *fill*         0x0000000081016817        0x1 
 .rodata.str1.4
                0x0000000081016818       0xc8 binaries/xsh_kill.o
                                        0x136 (size before relaxing)
 .rodata.str1.4
                0x00000000810168e0       0xf7 binaries/xsh_led.o
                                        0x16b (size before relaxing)
 *fill*         0x00000000810169d7        0x1 
 .rodata.str1.4
                0x00000000810169d8      0x1e2 binaries/xsh_memdump.o
                                        0x262 (size before relaxing)
 *fill*         0x0000000081016bba        0x2 
 .rodata.str1.4
                0x0000000081016bbc      0x1cc binaries/xsh_memstat.o
                                        0x232 (size before relaxing)
 .rodata.str1.4
                0x0000000081016d88        0xa binaries/xsh_network.o
 *fill*         0x0000000081016d92        0x2 
 .rodata.str1.4
                0x0000000081016d94      0x123 binaries/xsh_newmem.o
                                        0x147 (size before relaxing)
 *fill*         0x0000000081016eb7        0x1 
 .rodata.str1.4
                0x0000000081016eb8      0x13f binaries/xsh_ping.o
                                        0x1b2 (size before relaxing)
 *fill*         0x0000000081016ff7        0x1 
 .rodata.str1.4
                0x0000000081016ff8       0xb9 binaries/xsh_prodcons.o
                                        0x187 (size before relaxing)
 *fill*         0x00000000810170b1        0x3 
 .rodata        0x00000000810170b4       0x20 binaries/xsh_ps.o
 .rodata.str1.4
                0x00000000810170d4      0x11a binaries/xsh_ps.o
                                        0x1d2 (size before relaxing)
 *fill*         0x00000000810171ee        0x2 
 .rodata.str1.4
                0x00000000810171f0       0x5e binaries/xsh_sleep.o
                                         0xf6 (size before relaxing)
 *fill*         0x000000008101724e        0x2 
 .rodata        0x0000000081017250        0xc binaries/xsh_udpdump.o
 .rodata.str1.4
                0x000000008101725c      0x122 binaries/xsh_udpdump.o
                                        0x1de (size before relaxing)
 *fill*         0x000000008101737e        0x2 
 .rodata.str1.4
                0x0000000081017380      0x1ae binaries/xsh_udpecho.o
                                        0x222 (size before relaxing)
 *fill*         0x000000008101752e        0x2 
 .rodata.str1.4
                0x0000000081017530       0x97 binaries/xsh_udpeserver.o
                                        0x13b (size before relaxing)
 *fill*         0x00000000810175c7        0x1 
 .rodata.str1.4
                0x00000000810175c8       0x77 binaries/xsh_uptime.o
                                        0x112 (size before relaxing)
 *fill*         0x000000008101763f        0x1 
 .rodata.str1.4
                0x0000000081017640       0x3d binaries/consumer.o
 *fill*         0x000000008101767d        0x3 
 .rodata.str1.4
                0x0000000081017680       0x27 binaries/future_cons.o
 .rodata.str1.4
                0x0000000000000000       0x27 binaries/network_consumer.o
 *fill*         0x00000000810176a7        0x1 
 .rodata.str1.4
                0x00000000810176a8       0x15 binaries/producer.o
 *fill*         0x00000000810176bd        0x3 
 .rodata.str1.4
                0x00000000810176c0       0x10 binaries/testprocess.o
 .rodata.str1.4
                0x00000000810176d0       0x4c binaries/xinu_client.o
                0x000000008101771c                etext = ABSOLUTE (.)
                0x0000000081018000                . = ALIGN (0x1000)
 *fill*         0x000000008101771c      0x8e4 

.glue_7         0x0000000081018000        0x0
 .glue_7        0x0000000000000000        0x0 linker stubs

.glue_7t        0x0000000081018000        0x0
 .glue_7t       0x0000000000000000        0x0 linker stubs

.vfp11_veneer   0x0000000081018000        0x0
 .vfp11_veneer  0x0000000000000000        0x0 linker stubs

.v4_bx          0x0000000081018000        0x0
 .v4_bx         0x0000000000000000        0x0 linker stubs

.iplt           0x0000000081018000        0x0
 .iplt          0x0000000000000000        0x0 binaries/start.o

.rel.dyn        0x0000000081018000        0x0
 .rel.iplt      0x0000000000000000        0x0 binaries/start.o

.data           0x0000000081018000     0x1000
                0x0000000081018000                data = ABSOLUTE (.)
 *(.data .data.*)
 .data          0x0000000081018000        0x0 binaries/start.o
 .data          0x0000000081018000       0x88 binaries/ascdate.o
                0x0000000081018000                Date
 .data          0x0000000081018088        0x0 binaries/bufinit.o
 .data          0x0000000081018088        0x0 binaries/chprio.o
 .data          0x0000000081018088        0x4 binaries/clkhandler.o
 .data          0x000000008101808c        0x0 binaries/clkinit.o
 .data          0x000000008101808c        0x0 binaries/close.o
 .data          0x000000008101808c      0x5a0 binaries/conf.o
                0x000000008101808c                devtab
 .data          0x000000008101862c        0x0 binaries/control.o
 .data          0x000000008101862c        0x4 binaries/create.o
 .data          0x0000000081018630       0x3d binaries/evec.o
                0x0000000081018630                expmsg2
                0x0000000081018644                expmsg1
 .data          0x000000008101866d        0x0 binaries/exit.o
 .data          0x000000008101866d        0x0 binaries/freebuf.o
 .data          0x000000008101866d        0x0 binaries/freemem.o
 .data          0x000000008101866d        0x0 binaries/future_alloc.o
 .data          0x000000008101866d        0x0 binaries/future_free.o
 .data          0x000000008101866d        0x0 binaries/future_get.o
 .data          0x000000008101866d        0x0 binaries/future_queue.o
 .data          0x000000008101866d        0x0 binaries/future_set.o
 .data          0x000000008101866d        0x0 binaries/getbuf.o
 .data          0x000000008101866d        0x0 binaries/getc.o
 .data          0x000000008101866d        0x0 binaries/getdev.o
 .data          0x000000008101866d        0x0 binaries/getitem.o
 .data          0x000000008101866d        0x0 binaries/getmem.o
 .data          0x000000008101866d        0x0 binaries/getpid.o
 .data          0x000000008101866d        0x0 binaries/getprio.o
 .data          0x000000008101866d        0x0 binaries/getstk.o
 .data          0x000000008101866d        0x0 binaries/gettime.o
 .data          0x000000008101866d        0x0 binaries/getutime.o
 .data          0x000000008101866d        0x0 binaries/init.o
 .data          0x000000008101866d        0x0 binaries/initialize.o
 .data          0x000000008101866d        0x0 binaries/insert.o
 .data          0x000000008101866d        0x0 binaries/insertd.o
 .data          0x000000008101866d        0x0 binaries/ioerr.o
 .data          0x000000008101866d        0x0 binaries/ionull.o
 .data          0x000000008101866d        0x0 binaries/kill.o
 .data          0x000000008101866d        0x0 binaries/killme.o
 .data          0x000000008101866d        0x0 binaries/kprintf.o
 *fill*         0x000000008101866d        0x3 
 .data          0x0000000081018670        0x4 binaries/main.o
                0x0000000081018670                gcounter
 .data          0x0000000081018674        0x0 binaries/mark.o
 .data          0x0000000081018674        0x0 binaries/maxstk.o
 .data          0x0000000081018674        0x0 binaries/meminit.o
 .data          0x0000000081018674        0x0 binaries/mkbufpool.o
 .data          0x0000000081018674        0x4 binaries/newcreate.o
 .data          0x0000000081018678        0x0 binaries/newgetstk.o
 .data          0x0000000081018678        0x2 binaries/newqueue.o
 .data          0x000000008101867a        0x0 binaries/open.o
 .data          0x000000008101867a        0x0 binaries/panic.o
 .data          0x000000008101867a        0x0 binaries/platinit.o
 .data          0x000000008101867a        0x0 binaries/ptclear.o
 .data          0x000000008101867a        0x0 binaries/ptcount.o
 .data          0x000000008101867a        0x0 binaries/ptcreate.o
 .data          0x000000008101867a        0x0 binaries/ptdelete.o
 .data          0x000000008101867a        0x0 binaries/ptinit.o
 .data          0x000000008101867a        0x0 binaries/ptrecv.o
 .data          0x000000008101867a        0x0 binaries/ptreset.o
 .data          0x000000008101867a        0x0 binaries/ptsend.o
 .data          0x000000008101867a        0x0 binaries/putc.o
 .data          0x000000008101867a        0x0 binaries/queue.o
 .data          0x000000008101867a        0x0 binaries/read.o
 .data          0x000000008101867a        0x0 binaries/ready.o
 .data          0x000000008101867a        0x0 binaries/receive.o
 .data          0x000000008101867a        0x0 binaries/recvclr.o
 .data          0x000000008101867a        0x0 binaries/recvtime.o
 .data          0x000000008101867a        0x0 binaries/resched.o
 .data          0x000000008101867a        0x0 binaries/resume.o
 .data          0x000000008101867a        0x0 binaries/seek.o
 .data          0x000000008101867a        0x0 binaries/semcount.o
 .data          0x000000008101867a        0x0 binaries/semcreate.o
 .data          0x000000008101867a        0x0 binaries/semdelete.o
 .data          0x000000008101867a        0x0 binaries/semreset.o
 .data          0x000000008101867a        0x0 binaries/send.o
 .data          0x000000008101867a        0x0 binaries/signal.o
 .data          0x000000008101867a        0x0 binaries/signaln.o
 .data          0x000000008101867a        0x0 binaries/sleep.o
 .data          0x000000008101867a        0x0 binaries/suspend.o
 .data          0x000000008101867a        0x0 binaries/unsleep.o
 .data          0x000000008101867a        0x0 binaries/userret.o
 .data          0x000000008101867a        0x0 binaries/wait.o
 .data          0x000000008101867a        0x0 binaries/wakeup.o
 .data          0x000000008101867a        0x0 binaries/write.o
 .data          0x000000008101867a        0x0 binaries/xdone.o
 .data          0x000000008101867a        0x0 binaries/yield.o
 .data          0x000000008101867a        0x0 binaries/abs.o
 .data          0x000000008101867a        0x0 binaries/atoi.o
 .data          0x000000008101867a        0x0 binaries/atol.o
 .data          0x000000008101867a        0x0 binaries/bzero.o
 .data          0x000000008101867a        0x0 binaries/ctype_.o
 .data          0x000000008101867a        0x0 binaries/doprnt.o
 *fill*         0x000000008101867a        0x2 
 .data          0x000000008101867c       0x80 binaries/doscan.o
                0x000000008101867c                _sctab
 .data          0x00000000810186fc        0x0 binaries/fdoprnt.o
 .data          0x00000000810186fc        0x0 binaries/fgetc.o
 .data          0x00000000810186fc        0x0 binaries/fgets.o
 .data          0x00000000810186fc        0x0 binaries/fprintf.o
 .data          0x00000000810186fc        0x0 binaries/fputc.o
 .data          0x00000000810186fc        0x0 binaries/fputs.o
 .data          0x00000000810186fc        0x0 binaries/fscanf.o
 .data          0x00000000810186fc        0x0 binaries/getchar.o
 .data          0x00000000810186fc        0x0 binaries/labs.o
 .data          0x00000000810186fc        0x0 binaries/memchr.o
 .data          0x00000000810186fc        0x0 binaries/memcmp.o
 .data          0x00000000810186fc        0x0 binaries/memcpy.o
 .data          0x00000000810186fc        0x0 binaries/memset.o
 .data          0x00000000810186fc        0x0 binaries/printf.o
 .data          0x00000000810186fc        0x0 binaries/putchar.o
 .data          0x00000000810186fc        0x0 binaries/qsort.o
 .data          0x00000000810186fc        0x4 binaries/rand.o
 .data          0x0000000081018700        0x0 binaries/sprintf.o
 .data          0x0000000081018700        0x0 binaries/sscanf.o
 .data          0x0000000081018700        0x0 binaries/strchr.o
 .data          0x0000000081018700        0x0 binaries/strcmp.o
 .data          0x0000000081018700        0x0 binaries/strcpy.o
 .data          0x0000000081018700        0x0 binaries/strlen.o
 .data          0x0000000081018700        0x0 binaries/strncat.o
 .data          0x0000000081018700        0x0 binaries/strncmp.o
 .data          0x0000000081018700        0x0 binaries/strncpy.o
 .data          0x0000000081018700        0x0 binaries/strnlen.o
 .data          0x0000000081018700        0x0 binaries/strrchr.o
 .data          0x0000000081018700        0x0 binaries/strstr.o
 .data          0x0000000081018700        0x0 binaries/ttycontrol.o
 .data          0x0000000081018700        0x0 binaries/ttygetc.o
 .data          0x0000000081018700        0x0 binaries/ttyhandle_in.o
 .data          0x0000000081018700        0x0 binaries/ttyhandle_out.o
 .data          0x0000000081018700        0x0 binaries/ttyhandler.o
 .data          0x0000000081018700        0x0 binaries/ttyinit.o
 .data          0x0000000081018700        0x0 binaries/ttykickout.o
 .data          0x0000000081018700        0x0 binaries/ttyputc.o
 .data          0x0000000081018700        0x0 binaries/ttyread.o
 .data          0x0000000081018700        0x0 binaries/ttywrite.o
 .data          0x0000000081018700        0x0 binaries/mount.o
 .data          0x0000000081018700        0x0 binaries/naminit.o
 .data          0x0000000081018700        0x0 binaries/nammap.o
 .data          0x0000000081018700        0x0 binaries/namopen.o
 .data          0x0000000081018700        0x0 binaries/colon2mac.o
 .data          0x0000000081018700        0x0 binaries/ethcontrol.o
 .data          0x0000000081018700        0x0 binaries/ethhandler.o
 .data          0x0000000081018700        0x0 binaries/ethinit.o
 .data          0x0000000081018700        0x0 binaries/ethread.o
 .data          0x0000000081018700        0x0 binaries/ethwrite.o
 .data          0x0000000081018700        0x0 binaries/rdsbufalloc.o
 .data          0x0000000081018700        0x0 binaries/rdsclose.o
 .data          0x0000000081018700        0x0 binaries/rdscomm.o
 .data          0x0000000081018700        0x0 binaries/rdscontrol.o
 .data          0x0000000081018700        0x0 binaries/rdsinit.o
 .data          0x0000000081018700        0x0 binaries/rdsopen.o
 .data          0x0000000081018700        0x0 binaries/rdsprocess.o
 .data          0x0000000081018700        0x0 binaries/rdsread.o
 .data          0x0000000081018700        0x0 binaries/rdswrite.o
 .data          0x0000000081018700        0x0 binaries/ramclose.o
 .data          0x0000000081018700        0x0 binaries/raminit.o
 .data          0x0000000081018700        0x0 binaries/ramopen.o
 .data          0x0000000081018700        0x0 binaries/ramread.o
 .data          0x0000000081018700        0x0 binaries/ramwrite.o
 .data          0x0000000081018700        0x0 binaries/lfdballoc.o
 .data          0x0000000081018700        0x0 binaries/lfdbfree.o
 .data          0x0000000081018700        0x0 binaries/lfflush.o
 .data          0x0000000081018700        0x0 binaries/lfgetmode.o
 .data          0x0000000081018700        0x0 binaries/lfiballoc.o
 .data          0x0000000081018700        0x0 binaries/lfibclear.o
 .data          0x0000000081018700        0x0 binaries/lfibget.o
 .data          0x0000000081018700        0x0 binaries/lfibput.o
 .data          0x0000000081018700        0x0 binaries/lflclose.o
 .data          0x0000000081018700        0x0 binaries/lflcontrol.o
 .data          0x0000000081018700        0x0 binaries/lflgetc.o
 .data          0x0000000081018700        0x0 binaries/lflinit.o
 .data          0x0000000081018700        0x0 binaries/lflputc.o
 .data          0x0000000081018700        0x0 binaries/lflread.o
 .data          0x0000000081018700        0x0 binaries/lflseek.o
 .data          0x0000000081018700        0x0 binaries/lflwrite.o
 .data          0x0000000081018700        0x0 binaries/lfsckfmt.o
 .data          0x0000000081018700        0x0 binaries/lfscreate.o
 .data          0x0000000081018700        0x0 binaries/lfsetup.o
 .data          0x0000000081018700        0x0 binaries/lfsinit.o
 .data          0x0000000081018700        0x0 binaries/lfsopen.o
 .data          0x0000000081018700        0x0 binaries/lftruncate.o
 .data          0x0000000081018700        0x0 binaries/rflclose.o
 .data          0x0000000081018700        0x0 binaries/rflgetc.o
 .data          0x0000000081018700        0x0 binaries/rflinit.o
 .data          0x0000000081018700        0x0 binaries/rflputc.o
 .data          0x0000000081018700        0x0 binaries/rflread.o
 .data          0x0000000081018700        0x0 binaries/rflseek.o
 .data          0x0000000081018700        0x0 binaries/rflwrite.o
 .data          0x0000000081018700        0x0 binaries/rfscomm.o
 .data          0x0000000081018700        0x0 binaries/rfscontrol.o
 .data          0x0000000081018700        0x0 binaries/rfsgetmode.o
 .data          0x0000000081018700        0x0 binaries/rfsinit.o
 .data          0x0000000081018700        0x0 binaries/rfsndmsg.o
 .data          0x0000000081018700        0x0 binaries/rfsopen.o
 .data          0x0000000081018700        0x0 binaries/arp.o
 .data          0x0000000081018700        0x0 binaries/dhcp.o
 .data          0x0000000081018700        0x0 binaries/dns.o
 .data          0x0000000081018700        0x0 binaries/dot2ip.o
 .data          0x0000000081018700        0x0 binaries/hexdump.o
 .data          0x0000000081018700        0x4 binaries/icmp.o
 .data          0x0000000081018704        0x0 binaries/ip.o
 .data          0x0000000081018704        0x0 binaries/net.o
 .data          0x0000000081018704        0x0 binaries/netstart.o
 .data          0x0000000081018704        0x0 binaries/pdump.o
 .data          0x0000000081018704        0x0 binaries/tftp.o
 .data          0x0000000081018704        0x4 binaries/udp.o
 .data          0x0000000081018708        0x0 binaries/addargs.o
 .data          0x0000000081018708        0x0 binaries/lexan.o
 .data          0x0000000081018708        0x4 binaries/shell.o
                0x0000000081018708                ncmd
 .data          0x000000008101870c        0x0 binaries/xsh_argecho.o
 .data          0x000000008101870c        0x0 binaries/xsh_arp.o
 .data          0x000000008101870c        0x0 binaries/xsh_cat.o
 .data          0x000000008101870c        0x0 binaries/xsh_clear.o
 .data          0x000000008101870c        0x0 binaries/xsh_date.o
 .data          0x000000008101870c        0x0 binaries/xsh_devdump.o
 .data          0x000000008101870c        0x0 binaries/xsh_echo.o
 .data          0x000000008101870c        0x0 binaries/xsh_exit.o
 .data          0x000000008101870c        0x0 binaries/xsh_hello.o
 .data          0x000000008101870c        0x0 binaries/xsh_help.o
 .data          0x000000008101870c        0x0 binaries/xsh_ipaddr.o
 .data          0x000000008101870c        0x0 binaries/xsh_kill.o
 .data          0x000000008101870c        0x0 binaries/xsh_led.o
 .data          0x000000008101870c        0x0 binaries/xsh_memdump.o
 .data          0x000000008101870c        0x0 binaries/xsh_memstat.o
 .data          0x000000008101870c        0x0 binaries/xsh_network.o
 .data          0x000000008101870c        0x0 binaries/xsh_newmem.o
 .data          0x000000008101870c        0x0 binaries/xsh_ping.o
 .data          0x000000008101870c        0x0 binaries/xsh_prodcons.o
 .data          0x000000008101870c        0x0 binaries/xsh_ps.o
 .data          0x000000008101870c        0x0 binaries/xsh_reset.o
 .data          0x000000008101870c        0x0 binaries/xsh_sleep.o
 .data          0x000000008101870c        0x0 binaries/xsh_udpdump.o
 .data          0x000000008101870c        0x0 binaries/xsh_udpecho.o
 .data          0x000000008101870c        0x0 binaries/xsh_udpeserver.o
 .data          0x000000008101870c        0x0 binaries/xsh_uptime.o
 .data          0x000000008101870c        0x0 binaries/consumer.o
 .data          0x000000008101870c        0x0 binaries/future_cons.o
 .data          0x000000008101870c        0x0 binaries/future_prod.o
 .data          0x000000008101870c        0x0 binaries/network_consumer.o
 .data          0x000000008101870c        0x0 binaries/network_producer.o
 .data          0x000000008101870c        0x0 binaries/producer.o
 .data          0x000000008101870c        0x0 binaries/testprocess.o
 .data          0x000000008101870c        0x0 binaries/xinu_client.o
 .data          0x000000008101870c        0x0 binaries/ctxsw.o
 .data          0x000000008101870c        0x0 binaries/intr.o
 .data          0x000000008101870c        0x0 /usr/lib/gcc/arm-none-eabi/4.9.3/libgcc.a(_udivsi3.o)
 .data          0x000000008101870c        0x0 /usr/lib/gcc/arm-none-eabi/4.9.3/libgcc.a(_divsi3.o)
 .data          0x000000008101870c        0x0 /usr/lib/gcc/arm-none-eabi/4.9.3/libgcc.a(_dvmd_tls.o)
                0x000000008101870c                edata = ABSOLUTE (.)
                0x0000000081019000                . = ALIGN (0x1000)
 *fill*         0x000000008101870c      0x8f4 

.igot.plt       0x0000000081019000        0x0
 .igot.plt      0x0000000000000000        0x0 binaries/start.o

.bss            0x0000000081019000    0x20000
                0x0000000081019000                bss = ABSOLUTE (.)
 *(.bss .bss.*)
 .bss           0x0000000081019000        0x0 binaries/start.o
 .bss           0x0000000081019000        0x0 binaries/ascdate.o
 .bss           0x0000000081019000        0x0 binaries/bufinit.o
 .bss           0x0000000081019000        0x0 binaries/chprio.o
 .bss           0x0000000081019000        0x0 binaries/clkhandler.o
 .bss           0x0000000081019000        0x4 binaries/clkinit.o
                0x0000000081019000                ctr1000
 .bss           0x0000000081019004        0x0 binaries/close.o
 .bss           0x0000000081019004        0x0 binaries/conf.o
 .bss           0x0000000081019004        0x0 binaries/control.o
 .bss           0x0000000081019004        0x0 binaries/create.o
 .bss           0x0000000081019004        0x0 binaries/evec.o
 .bss           0x0000000081019004        0x0 binaries/exit.o
 .bss           0x0000000081019004        0x0 binaries/freebuf.o
 .bss           0x0000000081019004        0x0 binaries/freemem.o
 .bss           0x0000000081019004        0x0 binaries/future_alloc.o
 .bss           0x0000000081019004        0x0 binaries/future_free.o
 .bss           0x0000000081019004        0x0 binaries/future_get.o
 .bss           0x0000000081019004        0x0 binaries/future_queue.o
 .bss           0x0000000081019004        0x0 binaries/future_set.o
 .bss           0x0000000081019004        0x0 binaries/getbuf.o
 .bss           0x0000000081019004        0x0 binaries/getc.o
 .bss           0x0000000081019004        0x0 binaries/getdev.o
 .bss           0x0000000081019004        0x0 binaries/getitem.o
 .bss           0x0000000081019004        0x0 binaries/getmem.o
 .bss           0x0000000081019004        0x0 binaries/getpid.o
 .bss           0x0000000081019004        0x0 binaries/getprio.o
 .bss           0x0000000081019004        0x0 binaries/getstk.o
 .bss           0x0000000081019004        0x0 binaries/gettime.o
 .bss           0x0000000081019004        0x0 binaries/getutime.o
 .bss           0x0000000081019004        0x0 binaries/init.o
 .bss           0x0000000081019004        0x0 binaries/initialize.o
 .bss           0x0000000081019004        0x0 binaries/insert.o
 .bss           0x0000000081019004        0x0 binaries/insertd.o
 .bss           0x0000000081019004        0x0 binaries/ioerr.o
 .bss           0x0000000081019004        0x0 binaries/ionull.o
 .bss           0x0000000081019004        0x0 binaries/kill.o
 .bss           0x0000000081019004        0x0 binaries/killme.o
 .bss           0x0000000081019004        0x0 binaries/kprintf.o
 .bss           0x0000000081019004        0x0 binaries/main.o
 .bss           0x0000000081019004        0x0 binaries/mark.o
 .bss           0x0000000081019004        0x0 binaries/maxstk.o
 .bss           0x0000000081019004        0x0 binaries/meminit.o
 .bss           0x0000000081019004        0x0 binaries/mkbufpool.o
 .bss           0x0000000081019004        0x0 binaries/newcreate.o
 .bss           0x0000000081019004        0x0 binaries/newgetstk.o
 .bss           0x0000000081019004        0x0 binaries/newqueue.o
 .bss           0x0000000081019004        0x0 binaries/open.o
 .bss           0x0000000081019004        0x0 binaries/panic.o
 .bss           0x0000000081019004        0x0 binaries/platinit.o
 .bss           0x0000000081019004        0x0 binaries/ptclear.o
 .bss           0x0000000081019004        0x0 binaries/ptcount.o
 .bss           0x0000000081019004        0x0 binaries/ptcreate.o
 .bss           0x0000000081019004        0x0 binaries/ptdelete.o
 .bss           0x0000000081019004        0x0 binaries/ptinit.o
 .bss           0x0000000081019004        0x0 binaries/ptrecv.o
 .bss           0x0000000081019004        0x0 binaries/ptreset.o
 .bss           0x0000000081019004        0x0 binaries/ptsend.o
 .bss           0x0000000081019004        0x0 binaries/putc.o
 .bss           0x0000000081019004        0x0 binaries/queue.o
 .bss           0x0000000081019004        0x0 binaries/read.o
 .bss           0x0000000081019004        0x0 binaries/ready.o
 .bss           0x0000000081019004        0x0 binaries/receive.o
 .bss           0x0000000081019004        0x0 binaries/recvclr.o
 .bss           0x0000000081019004        0x0 binaries/recvtime.o
 .bss           0x0000000081019004        0x0 binaries/resched.o
 .bss           0x0000000081019004        0x0 binaries/resume.o
 .bss           0x0000000081019004        0x0 binaries/seek.o
 .bss           0x0000000081019004        0x0 binaries/semcount.o
 .bss           0x0000000081019004        0x4 binaries/semcreate.o
 .bss           0x0000000081019008        0x0 binaries/semdelete.o
 .bss           0x0000000081019008        0x0 binaries/semreset.o
 .bss           0x0000000081019008        0x0 binaries/send.o
 .bss           0x0000000081019008        0x0 binaries/signal.o
 .bss           0x0000000081019008        0x0 binaries/signaln.o
 .bss           0x0000000081019008        0x0 binaries/sleep.o
 .bss           0x0000000081019008        0x0 binaries/suspend.o
 .bss           0x0000000081019008        0x0 binaries/unsleep.o
 .bss           0x0000000081019008        0x0 binaries/userret.o
 .bss           0x0000000081019008        0x0 binaries/wait.o
 .bss           0x0000000081019008        0x0 binaries/wakeup.o
 .bss           0x0000000081019008        0x0 binaries/write.o
 .bss           0x0000000081019008        0x0 binaries/xdone.o
 .bss           0x0000000081019008        0x0 binaries/yield.o
 .bss           0x0000000081019008        0x0 binaries/abs.o
 .bss           0x0000000081019008        0x0 binaries/atoi.o
 .bss           0x0000000081019008        0x0 binaries/atol.o
 .bss           0x0000000081019008        0x0 binaries/bzero.o
 .bss           0x0000000081019008        0x0 binaries/ctype_.o
 .bss           0x0000000081019008        0x0 binaries/doprnt.o
 .bss           0x0000000081019008        0x0 binaries/doscan.o
 .bss           0x0000000081019008        0x0 binaries/fdoprnt.o
 .bss           0x0000000081019008        0x0 binaries/fgetc.o
 .bss           0x0000000081019008        0x0 binaries/fgets.o
 .bss           0x0000000081019008        0x0 binaries/fprintf.o
 .bss           0x0000000081019008        0x0 binaries/fputc.o
 .bss           0x0000000081019008        0x0 binaries/fputs.o
 .bss           0x0000000081019008        0x0 binaries/fscanf.o
 .bss           0x0000000081019008        0x0 binaries/getchar.o
 .bss           0x0000000081019008        0x0 binaries/labs.o
 .bss           0x0000000081019008        0x0 binaries/memchr.o
 .bss           0x0000000081019008        0x0 binaries/memcmp.o
 .bss           0x0000000081019008        0x0 binaries/memcpy.o
 .bss           0x0000000081019008        0x0 binaries/memset.o
 .bss           0x0000000081019008        0x0 binaries/printf.o
 .bss           0x0000000081019008        0x0 binaries/putchar.o
 .bss           0x0000000081019008        0x8 binaries/qsort.o
 .bss           0x0000000081019010        0x0 binaries/rand.o
 .bss           0x0000000081019010        0x0 binaries/sprintf.o
 .bss           0x0000000081019010        0x0 binaries/sscanf.o
 .bss           0x0000000081019010        0x0 binaries/strchr.o
 .bss           0x0000000081019010        0x0 binaries/strcmp.o
 .bss           0x0000000081019010        0x0 binaries/strcpy.o
 .bss           0x0000000081019010        0x0 binaries/strlen.o
 .bss           0x0000000081019010        0x0 binaries/strncat.o
 .bss           0x0000000081019010        0x0 binaries/strncmp.o
 .bss           0x0000000081019010        0x0 binaries/strncpy.o
 .bss           0x0000000081019010        0x0 binaries/strnlen.o
 .bss           0x0000000081019010        0x0 binaries/strrchr.o
 .bss           0x0000000081019010        0x0 binaries/strstr.o
 .bss           0x0000000081019010        0x0 binaries/ttycontrol.o
 .bss           0x0000000081019010        0x0 binaries/ttygetc.o
 .bss           0x0000000081019010        0x0 binaries/ttyhandle_in.o
 .bss           0x0000000081019010        0x0 binaries/ttyhandle_out.o
 .bss           0x0000000081019010        0x0 binaries/ttyhandler.o
 .bss           0x0000000081019010        0x0 binaries/ttyinit.o
 .bss           0x0000000081019010        0x0 binaries/ttykickout.o
 .bss           0x0000000081019010        0x0 binaries/ttyputc.o
 .bss           0x0000000081019010        0x0 binaries/ttyread.o
 .bss           0x0000000081019010        0x0 binaries/ttywrite.o
 .bss           0x0000000081019010        0x0 binaries/mount.o
 .bss           0x0000000081019010        0x0 binaries/naminit.o
 .bss           0x0000000081019010        0x0 binaries/nammap.o
 .bss           0x0000000081019010        0x0 binaries/namopen.o
 .bss           0x0000000081019010        0x0 binaries/colon2mac.o
 .bss           0x0000000081019010        0x0 binaries/ethcontrol.o
 .bss           0x0000000081019010        0x0 binaries/ethhandler.o
 .bss           0x0000000081019010        0x0 binaries/ethinit.o
 .bss           0x0000000081019010        0x0 binaries/ethread.o
 .bss           0x0000000081019010        0x0 binaries/ethwrite.o
 .bss           0x0000000081019010        0x0 binaries/rdsbufalloc.o
 .bss           0x0000000081019010        0x0 binaries/rdsclose.o
 .bss           0x0000000081019010        0x0 binaries/rdscomm.o
 .bss           0x0000000081019010        0x0 binaries/rdscontrol.o
 .bss           0x0000000081019010        0x0 binaries/rdsinit.o
 .bss           0x0000000081019010        0x0 binaries/rdsopen.o
 .bss           0x0000000081019010        0x0 binaries/rdsprocess.o
 .bss           0x0000000081019010        0x0 binaries/rdsread.o
 .bss           0x0000000081019010        0x0 binaries/rdswrite.o
 .bss           0x0000000081019010        0x0 binaries/ramclose.o
 .bss           0x0000000081019010        0x0 binaries/raminit.o
 .bss           0x0000000081019010        0x0 binaries/ramopen.o
 .bss           0x0000000081019010        0x0 binaries/ramread.o
 .bss           0x0000000081019010        0x0 binaries/ramwrite.o
 .bss           0x0000000081019010        0x0 binaries/lfdballoc.o
 .bss           0x0000000081019010        0x0 binaries/lfdbfree.o
 .bss           0x0000000081019010        0x0 binaries/lfflush.o
 .bss           0x0000000081019010        0x0 binaries/lfgetmode.o
 .bss           0x0000000081019010        0x0 binaries/lfiballoc.o
 .bss           0x0000000081019010        0x0 binaries/lfibclear.o
 .bss           0x0000000081019010        0x0 binaries/lfibget.o
 .bss           0x0000000081019010        0x0 binaries/lfibput.o
 .bss           0x0000000081019010        0x0 binaries/lflclose.o
 .bss           0x0000000081019010        0x0 binaries/lflcontrol.o
 .bss           0x0000000081019010        0x0 binaries/lflgetc.o
 .bss           0x0000000081019010        0x0 binaries/lflinit.o
 .bss           0x0000000081019010        0x0 binaries/lflputc.o
 .bss           0x0000000081019010        0x0 binaries/lflread.o
 .bss           0x0000000081019010        0x0 binaries/lflseek.o
 .bss           0x0000000081019010        0x0 binaries/lflwrite.o
 .bss           0x0000000081019010        0x0 binaries/lfsckfmt.o
 .bss           0x0000000081019010        0x0 binaries/lfscreate.o
 .bss           0x0000000081019010        0x0 binaries/lfsetup.o
 .bss           0x0000000081019010        0x0 binaries/lfsinit.o
 .bss           0x0000000081019010        0x0 binaries/lfsopen.o
 .bss           0x0000000081019010        0x0 binaries/lftruncate.o
 .bss           0x0000000081019010        0x0 binaries/rflclose.o
 .bss           0x0000000081019010        0x0 binaries/rflgetc.o
 .bss           0x0000000081019010        0x0 binaries/rflinit.o
 .bss           0x0000000081019010        0x0 binaries/rflputc.o
 .bss           0x0000000081019010        0x0 binaries/rflread.o
 .bss           0x0000000081019010        0x0 binaries/rflseek.o
 .bss           0x0000000081019010        0x0 binaries/rflwrite.o
 .bss           0x0000000081019010        0x0 binaries/rfscomm.o
 .bss           0x0000000081019010        0x0 binaries/rfscontrol.o
 .bss           0x0000000081019010        0x0 binaries/rfsgetmode.o
 .bss           0x0000000081019010        0x0 binaries/rfsinit.o
[...]
 .ARM.attributes
                0x00000000000027e5       0x35 binaries/icmp.o
 .ARM.attributes
                0x000000000000281a       0x35 binaries/ip.o
 .ARM.attributes
                0x000000000000284f       0x35 binaries/net.o
 .ARM.attributes
                0x0000000000002884       0x35 binaries/netstart.o
 .ARM.attributes
                0x00000000000028b9       0x35 binaries/pdump.o
 .ARM.attributes
                0x00000000000028ee       0x35 binaries/tftp.o
 .ARM.attributes
                0x0000000000002923       0x35 binaries/udp.o
 .ARM.attributes
                0x0000000000002958       0x35 binaries/addargs.o
 .ARM.attributes
                0x000000000000298d       0x35 binaries/lexan.o
 .ARM.attributes
                0x00000000000029c2       0x35 binaries/shell.o
 .ARM.attributes
                0x00000000000029f7       0x35 binaries/xsh_argecho.o
 .ARM.attributes
                0x0000000000002a2c       0x35 binaries/xsh_arp.o
 .ARM.attributes
                0x0000000000002a61       0x35 binaries/xsh_cat.o
 .ARM.attributes
                0x0000000000002a96       0x35 binaries/xsh_clear.o
 .ARM.attributes
                0x0000000000002acb       0x35 binaries/xsh_date.o
 .ARM.attributes
                0x0000000000002b00       0x35 binaries/xsh_devdump.o
 .ARM.attributes
                0x0000000000002b35       0x35 binaries/xsh_echo.o
 .ARM.attributes
                0x0000000000002b6a       0x35 binaries/xsh_exit.o
 .ARM.attributes
                0x0000000000002b9f       0x35 binaries/xsh_hello.o
 .ARM.attributes
                0x0000000000002bd4       0x35 binaries/xsh_help.o
 .ARM.attributes
                0x0000000000002c09       0x35 binaries/xsh_ipaddr.o
 .ARM.attributes
                0x0000000000002c3e       0x35 binaries/xsh_kill.o
 .ARM.attributes
                0x0000000000002c73       0x35 binaries/xsh_led.o
 .ARM.attributes
                0x0000000000002ca8       0x35 binaries/xsh_memdump.o
 .ARM.attributes
                0x0000000000002cdd       0x35 binaries/xsh_memstat.o
 .ARM.attributes
                0x0000000000002d12       0x35 binaries/xsh_network.o
 .ARM.attributes
                0x0000000000002d47       0x35 binaries/xsh_newmem.o
 .ARM.attributes
                0x0000000000002d7c       0x35 binaries/xsh_ping.o
 .ARM.attributes
                0x0000000000002db1       0x35 binaries/xsh_prodcons.o
 .ARM.attributes
                0x0000000000002de6       0x35 binaries/xsh_ps.o
 .ARM.attributes
                0x0000000000002e1b       0x35 binaries/xsh_reset.o
 .ARM.attributes
                0x0000000000002e50       0x35 binaries/xsh_sleep.o
 .ARM.attributes
                0x0000000000002e85       0x35 binaries/xsh_udpdump.o
 .ARM.attributes
                0x0000000000002eba       0x35 binaries/xsh_udpecho.o
 .ARM.attributes
                0x0000000000002eef       0x35 binaries/xsh_udpeserver.o
 .ARM.attributes
                0x0000000000002f24       0x35 binaries/xsh_uptime.o
 .ARM.attributes
                0x0000000000002f59       0x35 binaries/consumer.o
 .ARM.attributes
                0x0000000000002f8e       0x35 binaries/future_cons.o
 .ARM.attributes
                0x0000000000002fc3       0x35 binaries/future_prod.o
 .ARM.attributes
                0x0000000000002ff8       0x35 binaries/network_consumer.o
 .ARM.attributes
                0x000000000000302d       0x35 binaries/network_producer.o
 .ARM.attributes
                0x0000000000003062       0x35 binaries/producer.o
 .ARM.attributes
                0x0000000000003097       0x35 binaries/testprocess.o
 .ARM.attributes
                0x00000000000030cc       0x35 binaries/xinu_client.o
 .ARM.attributes
                0x0000000000003101       0x25 binaries/ctxsw.o
 .ARM.attributes
                0x0000000000003126       0x25 binaries/intr.o
 .ARM.attributes
                0x000000000000314b       0x18 /usr/lib/gcc/arm-none-eabi/4.9.3/libgcc.a(_udivsi3.o)
 .ARM.attributes
                0x0000000000003163       0x18 /usr/lib/gcc/arm-none-eabi/4.9.3/libgcc.a(_divsi3.o)
 .ARM.attributes
                0x000000000000317b       0x18 /usr/lib/gcc/arm-none-eabi/4.9.3/libgcc.a(_dvmd_tls.o)

.comment        0x0000000000000000       0x70
 .comment       0x0000000000000000       0x70 binaries/ascdate.o
                                         0x71 (size before relaxing)
 .comment       0x0000000000000000       0x71 binaries/bufinit.o
 .comment       0x0000000000000000       0x71 binaries/chprio.o
 .comment       0x0000000000000000       0x71 binaries/clkhandler.o
 .comment       0x0000000000000000       0x71 binaries/clkinit.o
 .comment       0x0000000000000000       0x71 binaries/close.o
 .comment       0x0000000000000000       0x71 binaries/conf.o
 .comment       0x0000000000000000       0x71 binaries/control.o
 .comment       0x0000000000000000       0x71 binaries/create.o
 .comment       0x0000000000000000       0x71 binaries/evec.o
 .comment       0x0000000000000000       0x71 binaries/exit.o
 .comment       0x0000000000000000       0x71 binaries/freebuf.o
 .comment       0x0000000000000000       0x71 binaries/freemem.o
 .comment       0x0000000000000000       0x71 binaries/future_alloc.o
 .comment       0x0000000000000000       0x71 binaries/future_free.o
 .comment       0x0000000000000000       0x71 binaries/future_get.o
 .comment       0x0000000000000000       0x71 binaries/future_queue.o
 .comment       0x0000000000000000       0x71 binaries/future_set.o
 .comment       0x0000000000000000       0x71 binaries/getbuf.o
 .comment       0x0000000000000000       0x71 binaries/getc.o
 .comment       0x0000000000000000       0x71 binaries/getdev.o
 .comment       0x0000000000000000       0x71 binaries/getitem.o
 .comment       0x0000000000000000       0x71 binaries/getmem.o
 .comment       0x0000000000000000       0x71 binaries/getpid.o
 .comment       0x0000000000000000       0x71 binaries/getprio.o
 .comment       0x0000000000000000       0x71 binaries/getstk.o
 .comment       0x0000000000000000       0x71 binaries/gettime.o
 .comment       0x0000000000000000       0x71 binaries/getutime.o
 .comment       0x0000000000000000       0x71 binaries/init.o
 .comment       0x0000000000000000       0x71 binaries/initialize.o
 .comment       0x0000000000000000       0x71 binaries/insert.o
 .comment       0x0000000000000000       0x71 binaries/insertd.o
 .comment       0x0000000000000000       0x71 binaries/ioerr.o
 .comment       0x0000000000000000       0x71 binaries/ionull.o
 .comment       0x0000000000000000       0x71 binaries/kill.o
 .comment       0x0000000000000000       0x71 binaries/killme.o
 .comment       0x0000000000000000       0x71 binaries/kprintf.o
 .comment       0x0000000000000000       0x71 binaries/main.o
 .comment       0x0000000000000000       0x71 binaries/mark.o
 .comment       0x0000000000000000       0x71 binaries/maxstk.o
 .comment       0x0000000000000000       0x71 binaries/meminit.o
 .comment       0x0000000000000000       0x71 binaries/mkbufpool.o
 .comment       0x0000000000000000       0x71 binaries/newcreate.o
 .comment       0x0000000000000000       0x71 binaries/newgetstk.o
 .comment       0x0000000000000000       0x71 binaries/newqueue.o
 .comment       0x0000000000000000       0x71 binaries/open.o
 .comment       0x0000000000000000       0x71 binaries/panic.o
 .comment       0x0000000000000000       0x71 binaries/platinit.o
 .comment       0x0000000000000000       0x71 binaries/ptclear.o
 .comment       0x0000000000000000       0x71 binaries/ptcount.o
 .comment       0x0000000000000000       0x71 binaries/ptcreate.o
 .comment       0x0000000000000000       0x71 binaries/ptdelete.o
 .comment       0x0000000000000000       0x71 binaries/ptinit.o
 .comment       0x0000000000000000       0x71 binaries/ptrecv.o
 .comment       0x0000000000000000       0x71 binaries/ptreset.o
 .comment       0x0000000000000000       0x71 binaries/ptsend.o
 .comment       0x0000000000000000       0x71 binaries/putc.o
 .comment       0x0000000000000000       0x71 binaries/queue.o
 .comment       0x0000000000000000       0x71 binaries/read.o
 .comment       0x0000000000000000       0x71 binaries/ready.o
 .comment       0x0000000000000000       0x71 binaries/receive.o
 .comment       0x0000000000000000       0x71 binaries/recvclr.o
 .comment       0x0000000000000000       0x71 binaries/recvtime.o
 .comment       0x0000000000000000       0x71 binaries/resched.o
 .comment       0x0000000000000000       0x71 binaries/resume.o
 .comment       0x0000000000000000       0x71 binaries/seek.o
 .comment       0x0000000000000000       0x71 binaries/semcount.o
 .comment       0x0000000000000000       0x71 binaries/semcreate.o
 .comment       0x0000000000000000       0x71 binaries/semdelete.o
 .comment       0x0000000000000000       0x71 binaries/semreset.o
 .comment       0x0000000000000000       0x71 binaries/send.o
 .comment       0x0000000000000000       0x71 binaries/signal.o
 .comment       0x0000000000000000       0x71 binaries/signaln.o
 .comment       0x0000000000000000       0x71 binaries/sleep.o
 .comment       0x0000000000000000       0x71 binaries/suspend.o
 .comment       0x0000000000000000       0x71 binaries/unsleep.o
 .comment       0x0000000000000000       0x71 binaries/userret.o
 .comment       0x0000000000000000       0x71 binaries/wait.o
 .comment       0x0000000000000000       0x71 binaries/wakeup.o
 .comment       0x0000000000000000       0x71 binaries/write.o
 .comment       0x0000000000000000       0x71 binaries/xdone.o
 .comment       0x0000000000000000       0x71 binaries/yield.o
 .comment       0x0000000000000000       0x71 binaries/abs.o
 .comment       0x0000000000000000       0x71 binaries/atoi.o
 .comment       0x0000000000000000       0x71 binaries/atol.o
 .comment       0x0000000000000000       0x71 binaries/bzero.o
 .comment       0x0000000000000000       0x71 binaries/ctype_.o
 .comment       0x0000000000000000       0x71 binaries/doprnt.o
 .comment       0x0000000000000000       0x71 binaries/doscan.o
 .comment       0x0000000000000000       0x71 binaries/fdoprnt.o
 .comment       0x0000000000000000       0x71 binaries/fgetc.o
 .comment       0x0000000000000000       0x71 binaries/fgets.o
 .comment       0x0000000000000000       0x71 binaries/fprintf.o
 .comment       0x0000000000000000       0x71 binaries/fputc.o
 .comment       0x0000000000000000       0x71 binaries/fputs.o
 .comment       0x0000000000000000       0x71 binaries/fscanf.o
 .comment       0x0000000000000000       0x71 binaries/getchar.o
 .comment       0x0000000000000000       0x71 binaries/labs.o
 .comment       0x0000000000000000       0x71 binaries/memchr.o
 .comment       0x0000000000000000       0x71 binaries/memcmp.o
 .comment       0x0000000000000000       0x71 binaries/memcpy.o
 .comment       0x0000000000000000       0x71 binaries/memset.o
 .comment       0x0000000000000000       0x71 binaries/printf.o
 .comment       0x0000000000000000       0x71 binaries/putchar.o
 .comment       0x0000000000000000       0x71 binaries/qsort.o
 .comment       0x0000000000000000       0x71 binaries/rand.o
 .comment       0x0000000000000000       0x71 binaries/sprintf.o
 .comment       0x0000000000000000       0x71 binaries/sscanf.o
 .comment       0x0000000000000000       0x71 binaries/strchr.o
 .comment       0x0000000000000000       0x71 binaries/strcmp.o
 .comment       0x0000000000000000       0x71 binaries/strcpy.o
 .comment       0x0000000000000000       0x71 binaries/strlen.o
 .comment       0x0000000000000000       0x71 binaries/strncat.o
 .comment       0x0000000000000000       0x71 binaries/strncmp.o
 .comment       0x0000000000000000       0x71 binaries/strncpy.o
 .comment       0x0000000000000000       0x71 binaries/strnlen.o
 .comment       0x0000000000000000       0x71 binaries/strrchr.o
 .comment       0x0000000000000000       0x71 binaries/strstr.o
 .comment       0x0000000000000000       0x71 binaries/ttycontrol.o
 .comment       0x0000000000000000       0x71 binaries/ttygetc.o
 .comment       0x0000000000000000       0x71 binaries/ttyhandle_in.o
 .comment       0x0000000000000000       0x71 binaries/ttyhandle_out.o
 .comment       0x0000000000000000       0x71 binaries/ttyhandler.o
 .comment       0x0000000000000000       0x71 binaries/ttyinit.o
 .comment       0x0000000000000000       0x71 binaries/ttykickout.o
 .comment       0x0000000000000000       0x71 binaries/ttyputc.o
 .comment       0x0000000000000000       0x71 binaries/ttyread.o
 .comment       0x0000000000000000       0x71 binaries/ttywrite.o
 .comment       0x0000000000000000       0x71 binaries/mount.o
 .comment       0x0000000000000000       0x71 binaries/naminit.o
 .comment       0x0000000000000000       0x71 binaries/nammap.o
 .comment       0x0000000000000000       0x71 binaries/namopen.o
 .comment       0x0000000000000000       0x71 binaries/colon2mac.o
 .comment       0x0000000000000000       0x71 binaries/ethcontrol.o
 .comment       0x0000000000000000       0x71 binaries/ethhandler.o
 .comment       0x0000000000000000       0x71 binaries/ethinit.o
 .comment       0x0000000000000000       0x71 binaries/ethread.o
 .comment       0x0000000000000000       0x71 binaries/ethwrite.o
 .comment       0x0000000000000000       0x71 binaries/rdsbufalloc.o
 .comment       0x0000000000000000       0x71 binaries/rdsclose.o
 .comment       0x0000000000000000       0x71 binaries/rdscomm.o
 .comment       0x0000000000000000       0x71 binaries/rdscontrol.o
 .comment       0x0000000000000000       0x71 binaries/rdsinit.o
 .comment       0x0000000000000000       0x71 binaries/rdsopen.o
 .comment       0x0000000000000000       0x71 binaries/rdsprocess.o
 .comment       0x0000000000000000       0x71 binaries/rdsread.o
 .comment       0x0000000000000000       0x71 binaries/rdswrite.o
 .comment       0x0000000000000000       0x71 binaries/ramclose.o
 .comment       0x0000000000000000       0x71 binaries/raminit.o
 .comment       0x0000000000000000       0x71 binaries/ramopen.o
 .comment       0x0000000000000000       0x71 binaries/ramread.o
 .comment       0x0000000000000000       0x71 binaries/ramwrite.o
 .comment       0x0000000000000000       0x71 binaries/lfdballoc.o
 .comment       0x0000000000000000       0x71 binaries/lfdbfree.o
 .comment       0x0000000000000000       0x71 binaries/lfflush.o
 .comment       0x0000000000000000       0x71 binaries/lfgetmode.o
 .comment       0x0000000000000000       0x71 binaries/lfiballoc.o
 .comment       0x0000000000000000       0x71 binaries/lfibclear.o
 .comment       0x0000000000000000       0x71 binaries/lfibget.o
 .comment       0x0000000000000000       0x71 binaries/lfibput.o
 .comment       0x0000000000000000       0x71 binaries/lflclose.o
 .comment       0x0000000000000000       0x71 binaries/lflcontrol.o
 .comment       0x0000000000000000       0x71 binaries/lflgetc.o
 .comment       0x0000000000000000       0x71 binaries/lflinit.o
 .comment       0x0000000000000000       0x71 binaries/lflputc.o
 .comment       0x0000000000000000       0x71 binaries/lflread.o
 .comment       0x0000000000000000       0x71 binaries/lflseek.o
 .comment       0x0000000000000000       0x71 binaries/lflwrite.o
 .comment       0x0000000000000000       0x71 binaries/lfsckfmt.o
 .comment       0x0000000000000000       0x71 binaries/lfscreate.o
 .comment       0x0000000000000000       0x71 binaries/lfsetup.o
 .comment       0x0000000000000000       0x71 binaries/lfsinit.o
 .comment       0x0000000000000000       0x71 binaries/lfsopen.o
 .comment       0x0000000000000000       0x71 binaries/lftruncate.o
 .comment       0x0000000000000000       0x71 binaries/rflclose.o
 .comment       0x0000000000000000       0x71 binaries/rflgetc.o
 .comment       0x0000000000000000       0x71 binaries/rflinit.o
 .comment       0x0000000000000000       0x71 binaries/rflputc.o
 .comment       0x0000000000000000       0x71 binaries/rflread.o
 .comment       0x0000000000000000       0x71 binaries/rflseek.o
 .comment       0x0000000000000000       0x71 binaries/rflwrite.o
 .comment       0x0000000000000000       0x71 binaries/rfscomm.o
 .comment       0x0000000000000000       0x71 binaries/rfscontrol.o
 .comment       0x0000000000000000       0x71 binaries/rfsgetmode.o
 .comment       0x0000000000000000       0x71 binaries/rfsinit.o
 .comment       0x0000000000000000       0x71 binaries/rfsndmsg.o
 .comment       0x0000000000000000       0x71 binaries/rfsopen.o
 .comment       0x0000000000000000       0x71 binaries/arp.o
 .comment       0x0000000000000000       0x71 binaries/dhcp.o
 .comment       0x0000000000000000       0x71 binaries/dns.o
 .comment       0x0000000000000000       0x71 binaries/dot2ip.o
 .comment       0x0000000000000000       0x71 binaries/hexdump.o
 .comment       0x0000000000000000       0x71 binaries/icmp.o
 .comment       0x0000000000000000       0x71 binaries/ip.o
 .comment       0x0000000000000000       0x71 binaries/net.o
 .comment       0x0000000000000000       0x71 binaries/netstart.o
 .comment       0x0000000000000000       0x71 binaries/pdump.o
 .comment       0x0000000000000000       0x71 binaries/tftp.o
 .comment       0x0000000000000000       0x71 binaries/udp.o
 .comment       0x0000000000000000       0x71 binaries/addargs.o
 .comment       0x0000000000000000       0x71 binaries/lexan.o
 .comment       0x0000000000000000       0x71 binaries/shell.o
 .comment       0x0000000000000000       0x71 binaries/xsh_argecho.o
 .comment       0x0000000000000000       0x71 binaries/xsh_arp.o
 .comment       0x0000000000000000       0x71 binaries/xsh_cat.o
 .comment       0x0000000000000000       0x71 binaries/xsh_clear.o
 .comment       0x0000000000000000       0x71 binaries/xsh_date.o
 .comment       0x0000000000000000       0x71 binaries/xsh_devdump.o
 .comment       0x0000000000000000       0x71 binaries/xsh_echo.o
 .comment       0x0000000000000000       0x71 binaries/xsh_exit.o
 .comment       0x0000000000000000       0x71 binaries/xsh_hello.o
 .comment       0x0000000000000000       0x71 binaries/xsh_help.o
 .comment       0x0000000000000000       0x71 binaries/xsh_ipaddr.o
 .comment       0x0000000000000000       0x71 binaries/xsh_kill.o
 .comment       0x0000000000000000       0x71 binaries/xsh_led.o
 .comment       0x0000000000000000       0x71 binaries/xsh_memdump.o
 .comment       0x0000000000000000       0x71 binaries/xsh_memstat.o
 .comment       0x0000000000000000       0x71 binaries/xsh_network.o
 .comment       0x0000000000000000       0x71 binaries/xsh_newmem.o
 .comment       0x0000000000000000       0x71 binaries/xsh_ping.o
 .comment       0x0000000000000000       0x71 binaries/xsh_prodcons.o
 .comment       0x0000000000000000       0x71 binaries/xsh_ps.o
 .comment       0x0000000000000000       0x71 binaries/xsh_reset.o
 .comment       0x0000000000000000       0x71 binaries/xsh_sleep.o
 .comment       0x0000000000000000       0x71 binaries/xsh_udpdump.o
 .comment       0x0000000000000000       0x71 binaries/xsh_udpecho.o
 .comment       0x0000000000000000       0x71 binaries/xsh_udpeserver.o
 .comment       0x0000000000000000       0x71 binaries/xsh_uptime.o
 .comment       0x0000000000000000       0x71 binaries/consumer.o
 .comment       0x0000000000000000       0x71 binaries/future_cons.o
 .comment       0x0000000000000000       0x71 binaries/future_prod.o
 .comment       0x0000000000000000       0x71 binaries/network_consumer.o
 .comment       0x0000000000000000       0x71 binaries/network_producer.o
 .comment       0x0000000000000000       0x71 binaries/producer.o
 .comment       0x0000000000000000       0x71 binaries/testprocess.o
 .comment       0x0000000000000000       0x71 binaries/xinu_client.o

.debug_frame    0x0000000000000000       0x40
 .debug_frame   0x0000000000000000       0x20 /usr/lib/gcc/arm-none-eabi/4.9.3/libgcc.a(_udivsi3.o)
 .debug_frame   0x0000000000000020       0x20 /usr/lib/gcc/arm-none-eabi/4.9.3/libgcc.a(_divsi3.o)
