Archive member included because of file (symbol)

/usr/lib/gcc/arm-none-eabi/4.9.3/libgcc.a(_udivsi3.o)
                              binaries/fs.o (__aeabi_uidiv)
/usr/lib/gcc/arm-none-eabi/4.9.3/libgcc.a(_divsi3.o)
                              binaries/xsh_help.o (__aeabi_idiv)
/usr/lib/gcc/arm-none-eabi/4.9.3/libgcc.a(_dvmd_tls.o)
                              /usr/lib/gcc/arm-none-eabi/4.9.3/libgcc.a(_udivsi3.o) (__aeabi_idiv0)

Allocating common symbols
Common symbol       size              file

netbufpool          0x4               binaries/net.o
readylist           0x2               binaries/ready.o
rfltab              0x5a0             binaries/rflinit.o
sleepq              0x2               binaries/clkinit.o
pid                 0x4               binaries/xsh_newmem.o
n                   0x4               binaries/xsh_newmem.o
intc_vector         0x200             binaries/evec.o
nnames              0x4               binaries/naminit.o
inodes_state        0x200             binaries/bs.o
udptab              0x168             binaries/udp.o
minheap             0x4               binaries/meminit.o
marks               0x50              binaries/mark.o
currpid             0x4               binaries/initialize.o
Lf_data             0x20c             binaries/lfsinit.o
porttab             0x2d0             binaries/ptinit.o
ttytab              0x10c             binaries/ttyinit.o
f_queue             0x4               binaries/xsh_prodcons.o
proctab             0x15e0            binaries/initialize.o
newsp               0x4               binaries/xsh_newmem.o
eth_a_regs          0x1c              binaries/ethinit.o
prcount             0x4               binaries/initialize.o
dev0_blocks         0x4               binaries/fs.o
lfltab              0xf00             binaries/lflinit.o
block_cache         0x201             binaries/bs.o
rdstab              0x8c              binaries/rdsinit.o
ethertab            0x138             binaries/ethinit.o
f3                  0x4               binaries/xsh_prodcons.o
nsaddr              0x4               binaries/dns.o
NetData             0xa8              binaries/net.o
nmarks              0x4               binaries/mark.o
memptr              0x4               binaries/xsh_newmem.o
f2                  0x4               binaries/xsh_prodcons.o
dev0_blocksize      0x4               binaries/fs.o
Defer               0x8               binaries/resched.o
semtab              0x4b0             binaries/initialize.o
maxheap             0x4               binaries/meminit.o
preempt             0x4               binaries/clkinit.o
buftab              0xf0              binaries/bufinit.o
Rf_data             0x18              binaries/rfsinit.o
stksize             0x4               binaries/xsh_newmem.o
f_shared            0x4               binaries/xsh_prodcons.o
mkmutex             0x4               binaries/mark.o
clktime             0x4               binaries/clkinit.o
sp                  0x4               binaries/xsh_newmem.o
cpudelay            0x4               binaries/main.o
arpcache            0x180             binaries/clkhandler.o
icmptab             0x230             binaries/icmp.o
nbpools             0x4               binaries/bufinit.o
oft                 0x540             binaries/bs.o
queuetab            0x980             binaries/queue.o
f1                  0x4               binaries/xsh_prodcons.o
dev0_numblocks      0x4               binaries/fs.o
ptnextid            0x4               binaries/ptinit.o
Ram                 0x19000           binaries/raminit.o
f_exclusive         0x4               binaries/xsh_prodcons.o
ipoqueue            0x2c              binaries/ip.o
consumed            0x4               binaries/killme.o
memlist             0x8               binaries/initialize.o
produced            0x4               binaries/killme.o
nametab             0x19a0            binaries/naminit.o
ptfree              0x4               binaries/ptinit.o

Memory Configuration

Name             Origin             Length             Attributes
*default*        0x0000000000000000 0xffffffffffffffff

Linker script and memory map

                0x0000000081000000                physbase = 0x81000000
                0x0000000081000000                . = physbase
                0x0000000081000000                . = ALIGN (0x1000)

.text           0x0000000081000000    0x1a000
                0x0000000081000000                text = ABSOLUTE (.)
 *(.text .text.*)
 .text          0x0000000081000000       0x4c binaries/start.o
                0x0000000081000000                start
 .text          0x000000008100004c      0x370 binaries/ascdate.o
                0x000000008100004c                ascdate
 .text          0x00000000810003bc      0x17c binaries/bs.o
                0x00000000810003bc                bs_mkdev
                0x0000000081000458                bs_bread
                0x00000000810004c8                bs_bwrite
 .text          0x0000000081000538       0x18 binaries/bufinit.o
                0x0000000081000538                bufinit
 .text          0x0000000081000550       0x70 binaries/chprio.o
                0x0000000081000550                chprio
 .text          0x00000000810005c0      0x144 binaries/clkhandler.o
                0x00000000810005c0                clear_arp
                0x0000000081000610                clkhandler
 .text          0x0000000081000704       0xd4 binaries/clkinit.o
                0x0000000081000704                clkinit
 .text          0x00000000810007d8       0x5c binaries/close.o
                0x00000000810007d8                close
 .text          0x0000000081000834        0x0 binaries/conf.o
 .text          0x0000000081000834       0x70 binaries/control.o
                0x0000000081000834                control
 .text          0x00000000810008a4      0x2c0 binaries/create.o
                0x00000000810008a4                create
 .text          0x0000000081000b64       0xb0 binaries/evec.o
                0x0000000081000b64                initintc
                0x0000000081000b90                set_evec
                0x0000000081000bd0                irq_dispatch
 .text          0x0000000081000c14       0x10 binaries/exit.o
                0x0000000081000c14                exit
 .text          0x0000000081000c24       0x84 binaries/freebuf.o
                0x0000000081000c24                freebuf
 .text          0x0000000081000ca8      0x150 binaries/freemem.o
                0x0000000081000ca8                freemem
 .text          0x0000000081000df8     0x12a4 binaries/fs.o
                0x0000000081000df8                fs_fileblock_to_diskblock
                0x0000000081000e38                fs_get_inode_by_num
                0x0000000081000efc                fs_put_inode_by_num
                0x0000000081000fe4                fs_print_fsd
                0x0000000081001078                fs_setmaskbit
                0x00000000810010bc                fs_mkfs
                0x000000008100122c                fs_getmaskbit
                0x0000000081001268                fs_clearmaskbit
                0x00000000810012ac                fs_printfreemask
                0x0000000081001354                fs_create
                0x0000000081001594                fs_open
                0x00000000810017c8                writeBlock
                0x00000000810017e4                min
                0x00000000810017f0                fs_write
                0x0000000081001c1c                readBlock
                0x0000000081001c38                fs_read
                0x0000000081001e90                fs_seek
                0x0000000081002024                fs_close
 .text          0x000000008100209c       0x9c binaries/future_alloc.o
                0x000000008100209c                future_alloc
 .text          0x0000000081002138       0x5c binaries/future_free.o
                0x0000000081002138                future_free
 .text          0x0000000081002194      0x270 binaries/future_get.o
                0x0000000081002194                future_get
 .text          0x0000000081002404       0xcc binaries/future_queue.o
                0x0000000081002404                f_enqueue
                0x0000000081002460                f_dequeue
                0x00000000810024c0                q_isempty
 .text          0x00000000810024d0      0x19c binaries/future_set.o
                0x00000000810024d0                future_set
 .text          0x000000008100266c       0x7c binaries/getbuf.o
                0x000000008100266c                getbuf
 .text          0x00000000810026e8       0x5c binaries/getc.o
                0x00000000810026e8                getc
 .text          0x0000000081002744       0x68 binaries/getdev.o
                0x0000000081002744                getdev
 .text          0x00000000810027ac       0xa0 binaries/getitem.o
                0x00000000810027ac                getitem
                0x00000000810027dc                getfirst
                0x0000000081002810                getlast
 .text          0x000000008100284c      0x108 binaries/getmem.o
                0x000000008100284c                getmem
 .text          0x0000000081002954       0x10 binaries/getpid.o
                0x0000000081002954                getpid
 .text          0x0000000081002964       0x5c binaries/getprio.o
                0x0000000081002964                getprio
 .text          0x00000000810029c0       0xd0 binaries/getstk.o
                0x00000000810029c0                getstk
 .text          0x0000000081002a90       0x38 binaries/gettime.o
                0x0000000081002a90                gettime
 .text          0x0000000081002ac8      0x1c8 binaries/getutime.o
                0x0000000081002ac8                getutime
 .text          0x0000000081002c90       0x5c binaries/init.o
                0x0000000081002c90                init
 .text          0x0000000081002cec      0x2f8 binaries/initialize.o
                0x0000000081002cec                nulluser
                0x0000000081002f84                stop
                0x0000000081002fa8                delay
 .text          0x0000000081002fe4       0xc0 binaries/insert.o
                0x0000000081002fe4                insert
 .text          0x00000000810030a4      0x12c binaries/insertd.o
                0x00000000810030a4                insertd
 .text          0x00000000810031d0        0x8 binaries/ioerr.o
                0x00000000810031d0                ioerr
 .text          0x00000000810031d8        0x8 binaries/ionull.o
                0x00000000810031d8                ionull
 .text          0x00000000810031e0      0x190 binaries/kill.o
                0x00000000810031e0                kill
 .text          0x0000000081003370      0x1ec binaries/killme.o
                0x0000000081003370                killme
 .text          0x000000008100355c       0xb4 binaries/kprintf.o
                0x000000008100355c                kputc
                0x000000008100359c                kgetc
                0x00000000810035d0                kprintf
 .text          0x0000000081003610      0x118 binaries/main.o
                0x0000000081003610                counterproc
                0x000000008100364c                main
 .text          0x0000000081003728       0xd0 binaries/mark.o
                0x0000000081003728                markinit
                0x0000000081003754                mark
 .text          0x00000000810037f8       0xd0 binaries/maxstk.o
                0x00000000810037f8                maxstk
 .text          0x00000000810038c8       0x44 binaries/meminit.o
                0x00000000810038c8                meminit
 .text          0x000000008100390c      0x138 binaries/mkbufpool.o
                0x000000008100390c                mkbufpool
 .text          0x0000000081003a44      0x2c4 binaries/newcreate.o
                0x0000000081003a44                newcreate
 .text          0x0000000081003d08       0xcc binaries/newgetstk.o
                0x0000000081003d08                newgetstk
 .text          0x0000000081003dd4       0x88 binaries/newqueue.o
                0x0000000081003dd4                newqueue
 .text          0x0000000081003e5c       0x68 binaries/open.o
                0x0000000081003e5c                open
 .text          0x0000000081003ec4       0x20 binaries/panic.o
                0x0000000081003ec4                panic
 .text          0x0000000081003ee4       0x48 binaries/platinit.o
                0x0000000081003ee4                platinit
 .text          0x0000000081003f2c       0xa8 binaries/ptclear.o
                0x0000000081003f2c                _ptclear
 .text          0x0000000081003fd4       0x90 binaries/ptcount.o
                0x0000000081003fd4                ptcount
 .text          0x0000000081004064      0x100 binaries/ptcreate.o
                0x0000000081004064                ptcreate
 .text          0x0000000081004164       0x70 binaries/ptdelete.o
                0x0000000081004164                ptdelete
 .text          0x00000000810041d4       0xbc binaries/ptinit.o
                0x00000000810041d4                ptinit
 .text          0x0000000081004290      0x144 binaries/ptrecv.o
                0x0000000081004290                ptrecv
 .text          0x00000000810043d4       0x6c binaries/ptreset.o
                0x00000000810043d4                ptreset
 .text          0x0000000081004440      0x15c binaries/ptsend.o
                0x0000000081004440                ptsend
 .text          0x000000008100459c       0x64 binaries/putc.o
                0x000000008100459c                putc
 .text          0x0000000081004600       0xe0 binaries/queue.o
                0x0000000081004600                enqueue
                0x0000000081004684                dequeue
 .text          0x00000000810046e0       0x68 binaries/read.o
                0x00000000810046e0                read
 .text          0x0000000081004748       0x74 binaries/ready.o
                0x0000000081004748                ready
 .text          0x00000000810047bc       0x84 binaries/receive.o
                0x00000000810047bc                receive
 .text          0x0000000081004840       0x64 binaries/recvclr.o
                0x0000000081004840                recvclr
 .text          0x00000000810048a4       0xe0 binaries/recvtime.o
                0x00000000810048a4                recvtime
 .text          0x0000000081004984      0x1d0 binaries/resched.o
                0x0000000081004984                resched
                0x0000000081004aa0                resched_cntl
 .text          0x0000000081004b54       0x88 binaries/resume.o
                0x0000000081004b54                resume
 .text          0x0000000081004bdc       0x64 binaries/seek.o
                0x0000000081004bdc                seek
 .text          0x0000000081004c40       0x58 binaries/semcount.o
                0x0000000081004c40                semcount
 .text          0x0000000081004c98       0xb8 binaries/semcreate.o
                0x0000000081004c98                semcreate
 .text          0x0000000081004d50       0xc8 binaries/semdelete.o
                0x0000000081004d50                semdelete
 .text          0x0000000081004e18       0xb4 binaries/semreset.o
                0x0000000081004e18                semreset
 .text          0x0000000081004ecc       0xc8 binaries/send.o
                0x0000000081004ecc                send
 .text          0x0000000081004f94       0x98 binaries/signal.o
                0x0000000081004f94                signal
 .text          0x000000008100502c       0xb8 binaries/signaln.o
                0x000000008100502c                signaln
 .text          0x00000000810050e4       0xd4 binaries/sleep.o
                0x00000000810050e4                sleepms
                0x0000000081005184                sleep
 .text          0x00000000810051b8       0xd0 binaries/suspend.o
                0x00000000810051b8                suspend
 .text          0x0000000081005288       0xa4 binaries/unsleep.o
                0x0000000081005288                unsleep
 .text          0x000000008100532c       0x10 binaries/userret.o
                0x000000008100532c                userret
 .text          0x000000008100533c       0xc4 binaries/wait.o
                0x000000008100533c                wait
 .text          0x0000000081005400       0x90 binaries/wakeup.o
                0x0000000081005400                wakeup
 .text          0x0000000081005490       0x68 binaries/write.o
                0x0000000081005490                write
 .text          0x00000000810054f8       0x18 binaries/xdone.o
                0x00000000810054f8                xdone
 .text          0x0000000081005510       0x20 binaries/yield.o
                0x0000000081005510                yield
 .text          0x0000000081005530        0xc binaries/abs.o
                0x0000000081005530                abs
 .text          0x000000008100553c      0x130 binaries/atoi.o
                0x000000008100553c                atoi
 .text          0x000000008100566c      0x130 binaries/atol.o
                0x000000008100566c                atol
 .text          0x000000008100579c       0x20 binaries/bzero.o
                0x000000008100579c                bzero
 .text          0x00000000810057bc        0x0 binaries/ctype_.o
 .text          0x00000000810057bc      0x968 binaries/doprnt.o
                0x00000000810059ac                _doprnt
 .text          0x0000000081006124      0x728 binaries/doscan.o
                0x0000000081006124                _doscan
 .text          0x000000008100684c      0x8c0 binaries/fdoprnt.o
                0x00000000810068fc                _fdoprnt
 .text          0x000000008100710c       0x14 binaries/fgetc.o
                0x000000008100710c                fgetc
 .text          0x0000000081007120       0x84 binaries/fgets.o
                0x0000000081007120                fgets
 .text          0x00000000810071a4       0x3c binaries/fprintf.o
                0x00000000810071a4                fprintf
 .text          0x00000000810071e0       0x24 binaries/fputc.o
                0x00000000810071e0                fputc
 .text          0x0000000081007204       0x38 binaries/fputs.o
                0x0000000081007204                fputs
 .text          0x000000008100723c       0x78 binaries/fscanf.o
                0x0000000081007270                fscanf
 .text          0x00000000810072b4       0x2c binaries/getchar.o
                0x00000000810072b4                getchar
 .text          0x00000000810072e0        0xc binaries/labs.o
                0x00000000810072e0                labs
 .text          0x00000000810072ec       0x40 binaries/memchr.o
                0x00000000810072ec                memchr
 .text          0x000000008100732c       0x58 binaries/memcmp.o
                0x000000008100732c                memcmp
 .text          0x0000000081007384       0x24 binaries/memcpy.o
                0x0000000081007384                memcpy
 .text          0x00000000810073a8       0x20 binaries/memset.o
                0x00000000810073a8                memset
 .text          0x00000000810073c8       0x58 binaries/printf.o
                0x00000000810073c8                printf
 .text          0x0000000081007420       0x2c binaries/putchar.o
                0x0000000081007420                putchar
 .text          0x000000008100744c      0x238 binaries/qsort.o
                0x0000000081007664                qsort
 .text          0x0000000081007684       0x38 binaries/rand.o
                0x0000000081007684                srand
                0x0000000081007694                rand
 .text          0x00000000810076bc       0x68 binaries/sprintf.o
                0x00000000810076d4                sprintf
 .text          0x0000000081007724       0x78 binaries/sscanf.o
                0x0000000081007758                sscanf
 .text          0x000000008100779c       0x40 binaries/strchr.o
                0x000000008100779c                strchr
 .text          0x00000000810077dc       0x54 binaries/strcmp.o
                0x00000000810077dc                strcmp
 .text          0x0000000081007830       0x1c binaries/strcpy.o
                0x0000000081007830                strcpy
 .text          0x000000008100784c       0x30 binaries/strlen.o
                0x000000008100784c                strlen
 .text          0x000000008100787c       0x50 binaries/strncat.o
                0x000000008100787c                strncat
 .text          0x00000000810078cc       0x50 binaries/strncmp.o
                0x00000000810078cc                strncmp
 .text          0x000000008100791c       0x80 binaries/strncpy.o
                0x000000008100791c                strncpy
 .text          0x000000008100799c       0x50 binaries/strnlen.o
                0x000000008100799c                strnlen
 .text          0x00000000810079ec       0x40 binaries/strrchr.o
                0x00000000810079ec                strrchr
 .text          0x0000000081007a2c       0xb0 binaries/strstr.o
                0x0000000081007a2c                strstr
 .text          0x0000000081007adc      0x154 binaries/ttycontrol.o
                0x0000000081007adc                ttycontrol
 .text          0x0000000081007c30       0xc8 binaries/ttygetc.o
                0x0000000081007c30                ttygetc
 .text          0x0000000081007cf8      0x4d4 binaries/ttyhandle_in.o
                0x0000000081007dc4                ttyhandle_in
 .text          0x00000000810081cc      0x16c binaries/ttyhandle_out.o
                0x00000000810081cc                ttyhandle_out
 .text          0x0000000081008338       0xcc binaries/ttyhandler.o
                0x0000000081008338                ttyhandler
 .text          0x0000000081008404      0x144 binaries/ttyinit.o
                0x0000000081008404                ttyinit
 .text          0x0000000081008548        0xc binaries/ttykickout.o
                0x0000000081008548                ttykickout
 .text          0x0000000081008554       0x9c binaries/ttyputc.o
                0x0000000081008554                ttyputc
 .text          0x00000000810085f0      0x134 binaries/ttyread.o
                0x00000000810085f0                ttyread
 .text          0x0000000081008724       0x48 binaries/ttywrite.o
                0x0000000081008724                ttywrite
 .text          0x000000008100876c      0x160 binaries/mount.o
                0x000000008100876c                namlen
                0x00000000810087c4                mount
 .text          0x00000000810088cc      0x1c0 binaries/naminit.o
                0x00000000810088cc                naminit
 .text          0x0000000081008a8c      0x24c binaries/nammap.o
                0x0000000081008a8c                namrepl
                0x0000000081008bdc                namcpy
                0x0000000081008c38                nammap
 .text          0x0000000081008cd8       0x40 binaries/namopen.o
                0x0000000081008cd8                namopen
 .text          0x0000000081008d18      0x108 binaries/colon2mac.o
                0x0000000081008d18                colon2mac
 .text          0x0000000081008e20       0x44 binaries/ethcontrol.o
                0x0000000081008e20                ethcontrol
 .text          0x0000000081008e64      0x178 binaries/ethhandler.o
                0x0000000081008e64                ethhandler
 .text          0x0000000081008fdc      0x7f8 binaries/ethinit.o
                0x0000000081008fdc                eth_phy_read
                0x0000000081009040                eth_phy_write
                0x0000000081009088                eth_phy_reset
                0x00000000810091e8                ethinit
 .text          0x00000000810097d4       0xf8 binaries/ethread.o
                0x00000000810097d4                ethread
 .text          0x00000000810098cc      0x120 binaries/ethwrite.o
                0x00000000810098cc                ethwrite
 .text          0x00000000810099ec       0x88 binaries/rdsbufalloc.o
                0x00000000810099ec                rdsbufalloc
 .text          0x0000000081009a74       0xe8 binaries/rdsclose.o
                0x0000000081009a74                rdsclose
 .text          0x0000000081009b5c      0x1e8 binaries/rdscomm.o
                0x0000000081009b5c                rdscomm
 .text          0x0000000081009d44      0x1b0 binaries/rdscontrol.o
                0x0000000081009d44                rdscontrol
 .text          0x0000000081009ef4      0x1e0 binaries/rdsinit.o
                0x0000000081009ef4                rdsinit
 .text          0x000000008100a0d4      0x1a0 binaries/rdsopen.o
                0x000000008100a0d4                rdsopen
 .text          0x000000008100a274      0x2d4 binaries/rdsprocess.o
                0x000000008100a274                rdsprocess
 .text          0x000000008100a548      0x240 binaries/rdsread.o
                0x000000008100a548                rdsread
 .text          0x000000008100a788      0x1d0 binaries/rdswrite.o
                0x000000008100a788                rdswrite
 .text          0x000000008100a958        0x8 binaries/ramclose.o
                0x000000008100a958                ramclose
 .text          0x000000008100a960       0x3c binaries/raminit.o
                0x000000008100a960                raminit
 .text          0x000000008100a99c        0x8 binaries/ramopen.o
                0x000000008100a99c                ramopen
 .text          0x000000008100a9a4       0x24 binaries/ramread.o
                0x000000008100a9a4                ramread
 .text          0x000000008100a9c8       0x20 binaries/ramwrite.o
                0x000000008100a9c8                ramwrite
 .text          0x000000008100a9e8       0x94 binaries/lfdballoc.o
                0x000000008100a9e8                lfdballoc
 .text          0x000000008100aa7c       0x4c binaries/lfdbfree.o
                0x000000008100aa7c                lfdbfree
 .text          0x000000008100aac8       0xb8 binaries/lfflush.o
                0x000000008100aac8                lfflush
 .text          0x000000008100ab80       0xc8 binaries/lfgetmode.o
                0x000000008100ab80                lfgetmode
 .text          0x000000008100ac48       0x6c binaries/lfiballoc.o
                0x000000008100ac48                lfiballoc
 .text          0x000000008100acb4       0x28 binaries/lfibclear.o
                0x000000008100acb4                lfibclear
 .text          0x000000008100acdc       0x64 binaries/lfibget.o
                0x000000008100acdc                lfibget
 .text          0x000000008100ad40       0x90 binaries/lfibput.o
                0x000000008100ad40                lfibput
 .text          0x000000008100add0       0xc4 binaries/lflclose.o
                0x000000008100add0                lflclose
 .text          0x000000008100ae94       0xc8 binaries/lflcontrol.o
                0x000000008100ae94                lflcontrol
 .text          0x000000008100af5c      0x10c binaries/lflgetc.o
                0x000000008100af5c                lflgetc
 .text          0x000000008100b068       0xd0 binaries/lflinit.o
                0x000000008100b068                lflinit
 .text          0x000000008100b138      0x14c binaries/lflputc.o
                0x000000008100b138                lflputc
 .text          0x000000008100b284       0x70 binaries/lflread.o
                0x000000008100b284                lflread
 .text          0x000000008100b2f4       0xc0 binaries/lflseek.o
                0x000000008100b2f4                lflseek
 .text          0x000000008100b3b4       0x50 binaries/lflwrite.o
                0x000000008100b3b4                lflwrite
 .text          0x000000008100b404      0x11c binaries/lfsckfmt.o
                0x000000008100b404                lfsckfmt
 .text          0x000000008100b520      0x15c binaries/lfscreate.o
                0x000000008100b520                lfscreate
 .text          0x000000008100b67c      0x1f0 binaries/lfsetup.o
                0x000000008100b67c                lfsetup
 .text          0x000000008100b86c       0x44 binaries/lfsinit.o
                0x000000008100b86c                lfsinit
 .text          0x000000008100b8b0      0x378 binaries/lfsopen.o
                0x000000008100b8b0                lfsopen
 .text          0x000000008100bc28      0x110 binaries/lftruncate.o
                0x000000008100bc28                lftruncate
 .text          0x000000008100bd38       0x7c binaries/rflclose.o
                0x000000008100bd38                rflclose
 .text          0x000000008100bdb4       0x28 binaries/rflgetc.o
                0x000000008100bdb4                rflgetc
 .text          0x000000008100bddc       0x88 binaries/rflinit.o
                0x000000008100bddc                rflinit
 .text          0x000000008100be64       0x2c binaries/rflputc.o
                0x000000008100be64                rflputc
 .text          0x000000008100be90      0x2c4 binaries/rflread.o
                0x000000008100be90                rflread
 .text          0x000000008100c154       0x7c binaries/rflseek.o
                0x000000008100c154                rflseek
 .text          0x000000008100c1d0      0x2e0 binaries/rflwrite.o
                0x000000008100c1d0                rflwrite
 .text          0x000000008100c4b0      0x198 binaries/rfscomm.o
                0x000000008100c4b0                rfscomm
 .text          0x000000008100c648      0x224 binaries/rfscontrol.o
                0x000000008100c648                rfscontrol
 .text          0x000000008100c86c       0xc8 binaries/rfsgetmode.o
                0x000000008100c86c                rfsgetmode
 .text          0x000000008100c934       0x84 binaries/rfsinit.o
                0x000000008100c934                rfsinit
 .text          0x000000008100c9b8       0x98 binaries/rfsndmsg.o
                0x000000008100c9b8                rfsndmsg
 .text          0x000000008100ca50      0x238 binaries/rfsopen.o
                0x000000008100ca50                rfsopen
 .text          0x000000008100cc88      0x79c binaries/arp.o
                0x000000008100cc88                arp_init
                0x000000008100cca8                arp_alloc
                0x000000008100cd80                arp_ntoh
                0x000000008100ce24                arp_hton
                0x000000008100cec8                arp_resolve
                0x000000008100d160                arp_in
 .text          0x000000008100d424      0xd78 binaries/dhcp.o
                0x000000008100d424                dump_dhcp_msg
                0x000000008100da48                get_dhcp_option_value
                0x000000008100daa4                build_dhcp_discover
                0x000000008100dbd0                build_dhcp_request
                0x000000008100dd7c                getlocalip_boot
                0x000000008100e184                getlocalip
 .text          0x000000008100e19c      0x414 binaries/dns.o
                0x000000008100e19c                dns_bldq
                0x000000008100e248                dns_getrname
                0x000000008100e30c                dns_geta
                0x000000008100e43c                dns_qa
 .text          0x000000008100e5b0      0x108 binaries/dot2ip.o
                0x000000008100e5b0                dot2ip
 .text          0x000000008100e6b8      0x328 binaries/hexdump.o
                0x000000008100e6b8                hexdump
                0x000000008100e804                hexadump
 .text          0x000000008100e9e0      0x71c binaries/icmp.o
                0x000000008100e9e0                icmp_init
                0x000000008100ea04                icmp_register
                0x000000008100eac4                icmp_recv
                0x000000008100ec64                icmp_mkpkt
                0x000000008100ed54                icmp_in
                0x000000008100eee0                icmp_send
                0x000000008100ef50                icmp_release
                0x000000008100f038                icmp_cksum
                0x000000008100f094                icmp_hton
                0x000000008100f0c8                icmp_ntoh
 .text          0x000000008100f0fc      0x67c binaries/ip.o
                0x000000008100f0fc                ip_local
                0x000000008100f12c                ipcksum
                0x000000008100f170                ip_ntoh
                0x000000008100f214                ip_in
                0x000000008100f344                ip_hton
                0x000000008100f3e8                ip_out
                0x000000008100f49c                ip_send
                0x000000008100f5cc                ipout
                0x000000008100f6dc                ip_enqueue
 .text          0x000000008100f778      0x1c4 binaries/net.o
                0x000000008100f778                net_init
                0x000000008100f870                eth_hton
                0x000000008100f884                eth_ntoh
                0x000000008100f898                netin
 .text          0x000000008100f93c       0xf8 binaries/netstart.o
                0x000000008100f93c                netstart
 .text          0x000000008100fa34      0x9dc binaries/pdump.o
                0x000000008100fa34                pdump
                0x000000008100ffc0                pdumph
 .text          0x0000000081010410      0x580 binaries/tftp.o
                0x0000000081010410                tftp_send1
                0x00000000810104fc                tftpget_mb
                0x000000008101095c                tftpget
 .text          0x0000000081010990      0xa20 binaries/udp.o
                0x0000000081010990                udp_init
                0x00000000810109b8                udp_in
                0x0000000081010aec                udp_register
                0x0000000081010bf0                udp_recv
                0x0000000081010d8c                udp_recvaddr
                0x0000000081010f44                udp_send
                0x00000000810110ec                udp_sendto
                0x0000000081011258                udp_release
                0x0000000081011348                udp_ntoh
                0x000000008101137c                udp_hton
 .text          0x00000000810113b0      0x13c binaries/addargs.o
                0x00000000810113b0                addargs
 .text          0x00000000810114ec      0x28c binaries/lexan.o
                0x00000000810114ec                lexan
 .text          0x0000000081011778      0x68c binaries/shell.o
                0x0000000081011778                shell
 .text          0x0000000081011e04       0x64 binaries/xsh_argecho.o
                0x0000000081011e04                xsh_argecho
 .text          0x0000000081011e68      0x1d8 binaries/xsh_arp.o
                0x0000000081011e68                xsh_arp
 .text          0x0000000081012040      0x234 binaries/xsh_cat.o
                0x0000000081012040                xsh_cat
 .text          0x0000000081012274       0x5c binaries/xsh_clear.o
                0x0000000081012274                xsh_clear
 .text          0x00000000810122d0      0x29c binaries/xsh_date.o
                0x00000000810122d0                xsh_date
 .text          0x000000008101256c       0x98 binaries/xsh_devdump.o
                0x000000008101256c                xsh_devdump
 .text          0x0000000081012604       0x68 binaries/xsh_echo.o
                0x0000000081012604                xsh_echo
 .text          0x000000008101266c        0x8 binaries/xsh_exit.o
                0x000000008101266c                xsh_exit
 .text          0x0000000081012674      0x3a4 binaries/xsh_fstest.o
                0x0000000081012674                clean_up
                0x000000008101269c                xsh_fstest
 .text          0x0000000081012a18       0xb4 binaries/xsh_hello.o
                0x0000000081012a18                xsh_hello
 .text          0x0000000081012acc      0x3b8 binaries/xsh_help.o
                0x0000000081012acc                xsh_help
 .text          0x0000000081012e84      0x354 binaries/xsh_ipaddr.o
                0x0000000081012e84                xsh_ipaddr
 .text          0x00000000810131d8      0x1fc binaries/xsh_kill.o
                0x00000000810131d8                xsh_kill
 .text          0x00000000810133d4      0x2ac binaries/xsh_led.o
                0x00000000810133d4                xsh_led
 .text          0x0000000081013680      0x434 binaries/xsh_memdump.o
                0x0000000081013774                xsh_memdump
 .text          0x0000000081013ab4      0x224 binaries/xsh_memstat.o
                0x0000000081013ab4                xsh_memstat
 .text          0x0000000081013cd8       0x3c binaries/xsh_network.o
                0x0000000081013cd8                xsh_network
 .text          0x0000000081013d14      0x2fc binaries/xsh_newmem.o
                0x0000000081013d14                printfreelist
                0x0000000081013d7c                xsh_newmem
 .text          0x0000000081014010      0x3b8 binaries/xsh_ping.o
                0x0000000081014010                xsh_ping
 .text          0x00000000810143c8      0x594 binaries/xsh_prodcons.o
                0x00000000810143c8                isNumeric
                0x0000000081014424                xsh_prodcons
 .text          0x000000008101495c      0x220 binaries/xsh_ps.o
                0x000000008101495c                xsh_ps
 .text          0x0000000081014b7c       0x18 binaries/xsh_reset.o
                0x0000000081014b7c                xsh_reset
 .text          0x0000000081014b94      0x1d4 binaries/xsh_sleep.o
                0x0000000081014b94                xsh_sleep
 .text          0x0000000081014d68      0x244 binaries/xsh_udpdump.o
                0x0000000081014d68                xsh_udpdump
 .text          0x0000000081014fac      0x3fc binaries/xsh_udpecho.o
                0x0000000081014fac                xsh_udpecho
 .text          0x00000000810153a8      0x250 binaries/xsh_udpeserver.o
                0x00000000810153a8                xsh_udpeserver
 .text          0x00000000810155f8      0x1b4 binaries/xsh_uptime.o
                0x00000000810155f8                xsh_uptime
 .text          0x00000000810157ac       0x88 binaries/consumer.o
                0x00000000810157ac                consumer
 .text          0x0000000081015834       0x88 binaries/future_cons.o
                0x0000000081015834                future_cons
 .text          0x00000000810158bc       0x3c binaries/future_prod.o
                0x00000000810158bc                future_prod
 .text          0x00000000810158f8       0x88 binaries/network_consumer.o
                0x00000000810158f8                net_consumer
 .text          0x0000000081015980       0x2c binaries/network_producer.o
                0x0000000081015980                net_producer
 .text          0x00000000810159ac       0x64 binaries/producer.o
                0x00000000810159ac                producer
 .text          0x0000000081015a10       0x54 binaries/testprocess.o
                0x0000000081015a10                fact
                0x0000000081015a38                testprocess
 .text          0x0000000081015a64      0x130 binaries/xinu_client.o
                0x0000000081015a64                netserver
 .text          0x0000000081015b94       0x2c binaries/ctxsw.o
                0x0000000081015b94                ctxsw
 .text          0x0000000081015bc0      0x100 binaries/intr.o
                0x0000000081015bc0                disable
                0x0000000081015bcc                restore
                0x0000000081015bf0                enable
                0x0000000081015bf8                pause
                0x0000000081015bf8                halt
                0x0000000081015c00                irq_except
                0x0000000081015c30                initevec
                0x0000000081015c90                expjmpinstr
 .text          0x0000000081015cc0      0x114 /usr/lib/gcc/arm-none-eabi/4.9.3/libgcc.a(_udivsi3.o)
                0x0000000081015cc0                __udivsi3
                0x0000000081015cc0                __aeabi_uidiv
                0x0000000081015db4                __aeabi_uidivmod
 .text          0x0000000081015dd4      0x148 /usr/lib/gcc/arm-none-eabi/4.9.3/libgcc.a(_divsi3.o)
                0x0000000081015dd4                __aeabi_idiv
                0x0000000081015dd4                __divsi3
                0x0000000081015efc                __aeabi_idivmod
 .text          0x0000000081015f1c        0x4 /usr/lib/gcc/arm-none-eabi/4.9.3/libgcc.a(_dvmd_tls.o)
                0x0000000081015f1c                __aeabi_ldiv0
                0x0000000081015f1c                __aeabi_idiv0
 *(.rodata .rodata.*)
 .rodata.str1.4
                0x0000000081015f20       0x78 binaries/ascdate.o
 .rodata.str1.4
                0x0000000081015f98       0x50 binaries/bs.o
 .rodata.str1.4
                0x0000000081015fe8       0xcb binaries/conf.o
 *fill*         0x00000000810160b3        0x1 
 .rodata.str1.4
                0x00000000810160b4      0x4c0 binaries/fs.o
                                        0x4dc (size before relaxing)
 .rodata.str1.4
                0x0000000081016574       0x60 binaries/getutime.o
 .rodata.str1.4
                0x00000000810165d4      0x16c binaries/initialize.o
                                        0x170 (size before relaxing)
 .rodata.str1.4
                0x0000000081016740       0x19 binaries/killme.o
 *fill*         0x0000000081016759        0x3 
 .rodata.str1.4
                0x000000008101675c       0x62 binaries/main.o
 *fill*         0x00000000810167be        0x2 
 .rodata.str1.4
                0x00000000810167c0       0x10 binaries/panic.o
 .rodata.str1.4
                0x00000000810167d0       0x1c binaries/ptinit.o
 .rodata.str1.4
                0x00000000810167ec       0x25 binaries/ptsend.o
 *fill*         0x0000000081016811        0x3 
 .rodata.str1.4
                0x0000000081016814       0x27 binaries/xdone.o
 *fill*         0x000000008101683b        0x1 
 .rodata        0x000000008101683c       0x81 binaries/ctype_.o
                0x000000008101683c                _ctype_
 *fill*         0x00000000810168bd        0x3 
 .rodata.str1.4
                0x00000000810168c0       0x2f binaries/doprnt.o
 .rodata.str1.4
                0x0000000000000000       0x2d binaries/fdoprnt.o
 *fill*         0x00000000810168ef        0x1 
 .rodata.str1.4
                0x00000000810168f0       0x86 binaries/naminit.o
                                         0x8e (size before relaxing)
 *fill*         0x0000000081016976        0x2 
 .rodata.str1.4
                0x0000000081016978       0xe5 binaries/ethinit.o
 *fill*         0x0000000081016a5d        0x3 
 .rodata.str1.4
                0x0000000081016a60       0x12 binaries/ethread.o
 *fill*         0x0000000081016a72        0x2 
 .rodata.str1.4
                0x0000000081016a74       0x2c binaries/rdsbufalloc.o
 .rodata.str1.4
                0x0000000081016aa0       0x76 binaries/rdscomm.o
 *fill*         0x0000000081016b16        0x2 
 .rodata.str1.4
                0x0000000081016b18       0x48 binaries/rdscontrol.o
 .rodata.str1.4
                0x0000000081016b60       0x96 binaries/rdsinit.o
 *fill*         0x0000000081016bf6        0x2 
 .rodata.str1.4
                0x0000000081016bf8       0x22 binaries/rdsopen.o
 *fill*         0x0000000081016c1a        0x2 
 .rodata.str1.4
                0x0000000081016c1c       0x4d binaries/rdsprocess.o
 *fill*         0x0000000081016c69        0x3 
 .rodata.str1.4
                0x0000000081016c6c        0x9 binaries/raminit.o
 *fill*         0x0000000081016c75        0x3 
 .rodata.str1.4
                0x0000000081016c78       0x37 binaries/lfdballoc.o
 *fill*         0x0000000081016caf        0x1 
 .rodata.str1.4
                0x0000000081016cb0       0x14 binaries/lfiballoc.o
 .rodata.str1.4
                0x0000000081016cc4       0x23 binaries/lflcontrol.o
 *fill*         0x0000000081016ce7        0x1 
 .rodata.str1.4
                0x0000000081016ce8       0xbb binaries/lfsckfmt.o
 *fill*         0x0000000081016da3        0x1 
 .rodata.str1.4
                0x0000000081016da4       0x21 binaries/rflread.o
 .rodata.str1.4
                0x0000000000000000       0x21 binaries/rflwrite.o
 *fill*         0x0000000081016dc5        0x3 
 .rodata.str1.4
                0x0000000081016dc8       0x75 binaries/rfscomm.o
 *fill*         0x0000000081016e3d        0x3 
 .rodata.str1.4
                0x0000000081016e40       0x23 binaries/rfscontrol.o
 *fill*         0x0000000081016e63        0x1 
 .rodata.str1.4
                0x0000000081016e64       0x63 binaries/rfsinit.o
 *fill*         0x0000000081016ec7        0x1 
 .rodata.str1.4
                0x0000000081016ec8       0x2a binaries/rfsndmsg.o
 .rodata.str1.4
                0x0000000000000000       0x22 binaries/rfsopen.o
 *fill*         0x0000000081016ef2        0x2 
 .rodata.str1.4
                0x0000000081016ef4       0x3d binaries/arp.o
 *fill*         0x0000000081016f31        0x3 
 .rodata.str1.4
                0x0000000081016f34      0x462 binaries/dhcp.o
                                        0x466 (size before relaxing)
 *fill*         0x0000000081017396        0x2 
 .rodata.str1.4
                0x0000000081017398       0xca binaries/hexdump.o
                                         0xd6 (size before relaxing)
 *fill*         0x0000000081017462        0x2 
 .rodata.str1.4
                0x0000000081017464       0x29 binaries/icmp.o
 *fill*         0x000000008101748d        0x3 
 .rodata.str1.4
                0x0000000081017490       0x52 binaries/ip.o
 *fill*         0x00000000810174e2        0x2 
 .rodata.str1.4
                0x00000000810174e4       0x53 binaries/net.o
 *fill*         0x0000000081017537        0x1 
 .rodata.str1.4
                0x0000000081017538       0x8f binaries/netstart.o
 *fill*         0x00000000810175c7        0x1 
 .rodata.str1.4
                0x00000000810175c8      0x292 binaries/pdump.o
                                        0x296 (size before relaxing)
 *fill*         0x000000008101785a        0x2 
 .rodata.str1.4
                0x000000008101785c      0x174 binaries/tftp.o
                                        0x17c (size before relaxing)
 .rodata        0x00000000810179d0      0x144 binaries/shell.o
                0x00000000810179d0                cmdtab
 .rodata.str1.4
                0x0000000081017b14      0x31f binaries/shell.o
                                        0x327 (size before relaxing)
 *fill*         0x0000000081017e33        0x1 
 .rodata.str1.4
                0x0000000081017e34       0x29 binaries/xsh_argecho.o
                                         0x2e (size before relaxing)
 *fill*         0x0000000081017e5d        0x3 
 .rodata.str1.4
                0x0000000081017e60      0x15b binaries/xsh_arp.o
                                        0x15f (size before relaxing)
 *fill*         0x0000000081017fbb        0x1 
 .rodata.str1.4
                0x0000000081017fbc       0x81 binaries/xsh_cat.o
                                         0xd1 (size before relaxing)
 *fill*         0x000000008101803d        0x3 
 .rodata.str1.4
                0x0000000081018040       0x15 binaries/xsh_clear.o
 *fill*         0x0000000081018055        0x3 
 .rodata.str1.4
                0x0000000081018058      0x1af binaries/xsh_date.o
                                        0x1cb (size before relaxing)
 *fill*         0x0000000081018207        0x1 
 .rodata.str1.4
                0x0000000081018208       0x61 binaries/xsh_devdump.o
 *fill*         0x0000000081018269        0x3 
 .rodata.str1.4
                0x000000008101826c        0x8 binaries/xsh_echo.o
                                          0xa (size before relaxing)
 .rodata.str1.4
                0x0000000081018274       0xd7 binaries/xsh_fstest.o
                                        0x16b (size before relaxing)
 *fill*         0x000000008101834b        0x1 
 .rodata.str1.4
                0x000000008101834c       0xa2 binaries/xsh_hello.o
                                         0xd2 (size before relaxing)
 *fill*         0x00000000810183ee        0x2 
 .rodata.str1.4
                0x00000000810183f0       0xe7 binaries/xsh_help.o
                                        0x17a (size before relaxing)
 *fill*         0x00000000810184d7        0x1 
 .rodata.str1.4
                0x00000000810184d8       0xfb binaries/xsh_ipaddr.o
                                        0x1ab (size before relaxing)
 *fill*         0x00000000810185d3        0x1 
 .rodata.str1.4
                0x00000000810185d4       0xc8 binaries/xsh_kill.o
                                        0x136 (size before relaxing)
 .rodata.str1.4
                0x000000008101869c       0xf7 binaries/xsh_led.o
                                        0x16b (size before relaxing)
 *fill*         0x0000000081018793        0x1 
 .rodata.str1.4
                0x0000000081018794      0x1ca binaries/xsh_memdump.o
                                        0x262 (size before relaxing)
 *fill*         0x000000008101895e        0x2 
 .rodata.str1.4
                0x0000000081018960      0x1cc binaries/xsh_memstat.o
                                        0x232 (size before relaxing)
 .rodata.str1.4
                0x0000000081018b2c        0xa binaries/xsh_network.o
 *fill*         0x0000000081018b36        0x2 
 .rodata.str1.4
                0x0000000081018b38      0x123 binaries/xsh_newmem.o
                                        0x147 (size before relaxing)
 *fill*         0x0000000081018c5b        0x1 
 .rodata.str1.4
                0x0000000081018c5c      0x13f binaries/xsh_ping.o
                                        0x1b2 (size before relaxing)
 *fill*         0x0000000081018d9b        0x1 
 .rodata.str1.4
                0x0000000081018d9c       0xb9 binaries/xsh_prodcons.o
                                        0x187 (size before relaxing)
 *fill*         0x0000000081018e55        0x3 
 .rodata        0x0000000081018e58       0x20 binaries/xsh_ps.o
 .rodata.str1.4
                0x0000000081018e78      0x11a binaries/xsh_ps.o
                                        0x1d2 (size before relaxing)
 *fill*         0x0000000081018f92        0x2 
 .rodata.str1.4
                0x0000000081018f94       0x5e binaries/xsh_sleep.o
                                         0xf6 (size before relaxing)
 *fill*         0x0000000081018ff2        0x2 
 .rodata        0x0000000081018ff4        0xc binaries/xsh_udpdump.o
 .rodata.str1.4
                0x0000000081019000      0x122 binaries/xsh_udpdump.o
                                        0x1de (size before relaxing)
 *fill*         0x0000000081019122        0x2 
 .rodata.str1.4
                0x0000000081019124      0x1ae binaries/xsh_udpecho.o
                                        0x222 (size before relaxing)
 *fill*         0x00000000810192d2        0x2 
 .rodata.str1.4
                0x00000000810192d4       0x97 binaries/xsh_udpeserver.o
                                        0x13b (size before relaxing)
 *fill*         0x000000008101936b        0x1 
 .rodata.str1.4
                0x000000008101936c       0x77 binaries/xsh_uptime.o
                                        0x112 (size before relaxing)
 *fill*         0x00000000810193e3        0x1 
 .rodata.str1.4
                0x00000000810193e4       0x3d binaries/consumer.o
 *fill*         0x0000000081019421        0x3 
 .rodata.str1.4
                0x0000000081019424       0x27 binaries/future_cons.o
 .rodata.str1.4
                0x0000000000000000       0x27 binaries/network_consumer.o
 *fill*         0x000000008101944b        0x1 
 .rodata.str1.4
                0x000000008101944c       0x15 binaries/producer.o
 *fill*         0x0000000081019461        0x3 
 .rodata.str1.4
                0x0000000081019464       0x10 binaries/testprocess.o
 .rodata.str1.4
                0x0000000081019474       0x4c binaries/xinu_client.o
                0x00000000810194c0                etext = ABSOLUTE (.)
                0x000000008101a000                . = ALIGN (0x1000)
 *fill*         0x00000000810194c0      0xb40 

.glue_7         0x000000008101a000        0x0
 .glue_7        0x0000000000000000        0x0 linker stubs

.glue_7t        0x000000008101a000        0x0
 .glue_7t       0x0000000000000000        0x0 linker stubs

.vfp11_veneer   0x000000008101a000        0x0
 .vfp11_veneer  0x0000000000000000        0x0 linker stubs

.v4_bx          0x000000008101a000        0x0
 .v4_bx         0x0000000000000000        0x0 linker stubs

.iplt           0x000000008101a000        0x0
 .iplt          0x0000000000000000        0x0 binaries/start.o

.rel.dyn        0x000000008101a000        0x0
 .rel.iplt      0x0000000000000000        0x0 binaries/start.o

.data           0x000000008101a000     0x1000
                0x000000008101a000                data = ABSOLUTE (.)
 *(.data .data.*)
 .data          0x000000008101a000        0x0 binaries/start.o
 .data          0x000000008101a000       0x88 binaries/ascdate.o
                0x000000008101a000                Date
 .data          0x000000008101a088        0x0 binaries/bs.o
 .data          0x000000008101a088        0x0 binaries/bufinit.o
 .data          0x000000008101a088        0x0 binaries/chprio.o
 .data          0x000000008101a088        0x4 binaries/clkhandler.o
 .data          0x000000008101a08c        0x0 binaries/clkinit.o
 .data          0x000000008101a08c        0x0 binaries/close.o
 .data          0x000000008101a08c      0x5a0 binaries/conf.o
                0x000000008101a08c                devtab
 .data          0x000000008101a62c        0x0 binaries/control.o
 .data          0x000000008101a62c        0x4 binaries/create.o
 .data          0x000000008101a630       0x3d binaries/evec.o
                0x000000008101a630                expmsg2
                0x000000008101a644                expmsg1
 .data          0x000000008101a66d        0x0 binaries/exit.o
 .data          0x000000008101a66d        0x0 binaries/freebuf.o
 .data          0x000000008101a66d        0x0 binaries/freemem.o
 .data          0x000000008101a66d        0x0 binaries/fs.o
 .data          0x000000008101a66d        0x0 binaries/future_alloc.o
 .data          0x000000008101a66d        0x0 binaries/future_free.o
 .data          0x000000008101a66d        0x0 binaries/future_get.o
 .data          0x000000008101a66d        0x0 binaries/future_queue.o
 .data          0x000000008101a66d        0x0 binaries/future_set.o
 .data          0x000000008101a66d        0x0 binaries/getbuf.o
 .data          0x000000008101a66d        0x0 binaries/getc.o
 .data          0x000000008101a66d        0x0 binaries/getdev.o
 .data          0x000000008101a66d        0x0 binaries/getitem.o
 .data          0x000000008101a66d        0x0 binaries/getmem.o
 .data          0x000000008101a66d        0x0 binaries/getpid.o
 .data          0x000000008101a66d        0x0 binaries/getprio.o
 .data          0x000000008101a66d        0x0 binaries/getstk.o
 .data          0x000000008101a66d        0x0 binaries/gettime.o
 .data          0x000000008101a66d        0x0 binaries/getutime.o
 .data          0x000000008101a66d        0x0 binaries/init.o
 .data          0x000000008101a66d        0x0 binaries/initialize.o
 .data          0x000000008101a66d        0x0 binaries/insert.o
 .data          0x000000008101a66d        0x0 binaries/insertd.o
 .data          0x000000008101a66d        0x0 binaries/ioerr.o
 .data          0x000000008101a66d        0x0 binaries/ionull.o
 .data          0x000000008101a66d        0x0 binaries/kill.o
 .data          0x000000008101a66d        0x0 binaries/killme.o
 .data          0x000000008101a66d        0x0 binaries/kprintf.o
 *fill*         0x000000008101a66d        0x3 
 .data          0x000000008101a670        0x4 binaries/main.o
                0x000000008101a670                gcounter
 .data          0x000000008101a674        0x0 binaries/mark.o
 .data          0x000000008101a674        0x0 binaries/maxstk.o
 .data          0x000000008101a674        0x0 binaries/meminit.o
 .data          0x000000008101a674        0x0 binaries/mkbufpool.o
 .data          0x000000008101a674        0x4 binaries/newcreate.o
 .data          0x000000008101a678        0x0 binaries/newgetstk.o
 .data          0x000000008101a678        0x2 binaries/newqueue.o
 .data          0x000000008101a67a        0x0 binaries/open.o
 .data          0x000000008101a67a        0x0 binaries/panic.o
 .data          0x000000008101a67a        0x0 binaries/platinit.o
 .data          0x000000008101a67a        0x0 binaries/ptclear.o
 .data          0x000000008101a67a        0x0 binaries/ptcount.o
 .data          0x000000008101a67a        0x0 binaries/ptcreate.o
 .data          0x000000008101a67a        0x0 binaries/ptdelete.o
 .data          0x000000008101a67a        0x0 binaries/ptinit.o
 .data          0x000000008101a67a        0x0 binaries/ptrecv.o
 .data          0x000000008101a67a        0x0 binaries/ptreset.o
 .data          0x000000008101a67a        0x0 binaries/ptsend.o
 .data          0x000000008101a67a        0x0 binaries/putc.o
 .data          0x000000008101a67a        0x0 binaries/queue.o
 .data          0x000000008101a67a        0x0 binaries/read.o
 .data          0x000000008101a67a        0x0 binaries/ready.o
 .data          0x000000008101a67a        0x0 binaries/receive.o
 .data          0x000000008101a67a        0x0 binaries/recvclr.o
 .data          0x000000008101a67a        0x0 binaries/recvtime.o
 .data          0x000000008101a67a        0x0 binaries/resched.o
 .data          0x000000008101a67a        0x0 binaries/resume.o
 .data          0x000000008101a67a        0x0 binaries/seek.o
 .data          0x000000008101a67a        0x0 binaries/semcount.o
 .data          0x000000008101a67a        0x0 binaries/semcreate.o
 .data          0x000000008101a67a        0x0 binaries/semdelete.o
 .data          0x000000008101a67a        0x0 binaries/semreset.o
 .data          0x000000008101a67a        0x0 binaries/send.o
 .data          0x000000008101a67a        0x0 binaries/signal.o
 .data          0x000000008101a67a        0x0 binaries/signaln.o
 .data          0x000000008101a67a        0x0 binaries/sleep.o
 .data          0x000000008101a67a        0x0 binaries/suspend.o
 .data          0x000000008101a67a        0x0 binaries/unsleep.o
 .data          0x000000008101a67a        0x0 binaries/userret.o
 .data          0x000000008101a67a        0x0 binaries/wait.o
 .data          0x000000008101a67a        0x0 binaries/wakeup.o
 .data          0x000000008101a67a        0x0 binaries/write.o
 .data          0x000000008101a67a        0x0 binaries/xdone.o
 .data          0x000000008101a67a        0x0 binaries/yield.o
 .data          0x000000008101a67a        0x0 binaries/abs.o
 .data          0x000000008101a67a        0x0 binaries/atoi.o
 .data          0x000000008101a67a        0x0 binaries/atol.o
 .data          0x000000008101a67a        0x0 binaries/bzero.o
 .data          0x000000008101a67a        0x0 binaries/ctype_.o
 .data          0x000000008101a67a        0x0 binaries/doprnt.o
 *fill*         0x000000008101a67a        0x2 
 .data          0x000000008101a67c       0x80 binaries/doscan.o
                0x000000008101a67c                _sctab
 .data          0x000000008101a6fc        0x0 binaries/fdoprnt.o
 .data          0x000000008101a6fc        0x0 binaries/fgetc.o
 .data          0x000000008101a6fc        0x0 binaries/fgets.o
 .data          0x000000008101a6fc        0x0 binaries/fprintf.o
 .data          0x000000008101a6fc        0x0 binaries/fputc.o
 .data          0x000000008101a6fc        0x0 binaries/fputs.o
 .data          0x000000008101a6fc        0x0 binaries/fscanf.o
 .data          0x000000008101a6fc        0x0 binaries/getchar.o
 .data          0x000000008101a6fc        0x0 binaries/labs.o
 .data          0x000000008101a6fc        0x0 binaries/memchr.o
 .data          0x000000008101a6fc        0x0 binaries/memcmp.o
 .data          0x000000008101a6fc        0x0 binaries/memcpy.o
 .data          0x000000008101a6fc        0x0 binaries/memset.o
 .data          0x000000008101a6fc        0x0 binaries/printf.o
 .data          0x000000008101a6fc        0x0 binaries/putchar.o
 .data          0x000000008101a6fc        0x0 binaries/qsort.o
 .data          0x000000008101a6fc        0x4 binaries/rand.o
 .data          0x000000008101a700        0x0 binaries/sprintf.o
 .data          0x000000008101a700        0x0 binaries/sscanf.o
 .data          0x000000008101a700        0x0 binaries/strchr.o
 .data          0x000000008101a700        0x0 binaries/strcmp.o
 .data          0x000000008101a700        0x0 binaries/strcpy.o
 .data          0x000000008101a700        0x0 binaries/strlen.o
 .data          0x000000008101a700        0x0 binaries/strncat.o
 .data          0x000000008101a700        0x0 binaries/strncmp.o
 .data          0x000000008101a700        0x0 binaries/strncpy.o
 .data          0x000000008101a700        0x0 binaries/strnlen.o
 .data          0x000000008101a700        0x0 binaries/strrchr.o
 .data          0x000000008101a700        0x0 binaries/strstr.o
 .data          0x000000008101a700        0x0 binaries/ttycontrol.o
 .data          0x000000008101a700        0x0 binaries/ttygetc.o
 .data          0x000000008101a700        0x0 binaries/ttyhandle_in.o
 .data          0x000000008101a700        0x0 binaries/ttyhandle_out.o
 .data          0x000000008101a700        0x0 binaries/ttyhandler.o
 .data          0x000000008101a700        0x0 binaries/ttyinit.o
 .data          0x000000008101a700        0x0 binaries/ttykickout.o
 .data          0x000000008101a700        0x0 binaries/ttyputc.o
 .data          0x000000008101a700        0x0 binaries/ttyread.o
 .data          0x000000008101a700        0x0 binaries/ttywrite.o
 .data          0x000000008101a700        0x0 binaries/mount.o
 .data          0x000000008101a700        0x0 binaries/naminit.o
 .data          0x000000008101a700        0x0 binaries/nammap.o
 .data          0x000000008101a700        0x0 binaries/namopen.o
 .data          0x000000008101a700        0x0 binaries/colon2mac.o
 .data          0x000000008101a700        0x0 binaries/ethcontrol.o
 .data          0x000000008101a700        0x0 binaries/ethhandler.o
 .data          0x000000008101a700        0x0 binaries/ethinit.o
 .data          0x000000008101a700        0x0 binaries/ethread.o
 .data          0x000000008101a700        0x0 binaries/ethwrite.o
 .data          0x000000008101a700        0x0 binaries/rdsbufalloc.o
 .data          0x000000008101a700        0x0 binaries/rdsclose.o
 .data          0x000000008101a700        0x0 binaries/rdscomm.o
 .data          0x000000008101a700        0x0 binaries/rdscontrol.o
 .data          0x000000008101a700        0x0 binaries/rdsinit.o
 .data          0x000000008101a700        0x0 binaries/rdsopen.o
 .data          0x000000008101a700        0x0 binaries/rdsprocess.o
 .data          0x000000008101a700        0x0 binaries/rdsread.o
 .data          0x000000008101a700        0x0 binaries/rdswrite.o
 .data          0x000000008101a700        0x0 binaries/ramclose.o
 .data          0x000000008101a700        0x0 binaries/raminit.o
 .data          0x000000008101a700        0x0 binaries/ramopen.o
 .data          0x000000008101a700        0x0 binaries/ramread.o
 .data          0x000000008101a700        0x0 binaries/ramwrite.o
 .data          0x000000008101a700        0x0 binaries/lfdballoc.o
 .data          0x000000008101a700        0x0 binaries/lfdbfree.o
 .data          0x000000008101a700        0x0 binaries/lfflush.o
 .data          0x000000008101a700        0x0 binaries/lfgetmode.o
 .data          0x000000008101a700        0x0 binaries/lfiballoc.o
 .data          0x000000008101a700        0x0 binaries/lfibclear.o
 .data          0x000000008101a700        0x0 binaries/lfibget.o
 .data          0x000000008101a700        0x0 binaries/lfibput.o
 .data          0x000000008101a700        0x0 binaries/lflclose.o
 .data          0x000000008101a700        0x0 binaries/lflcontrol.o
 .data          0x000000008101a700        0x0 binaries/lflgetc.o
 .data          0x000000008101a700        0x0 binaries/lflinit.o
 .data          0x000000008101a700        0x0 binaries/lflputc.o
 .data          0x000000008101a700        0x0 binaries/lflread.o
 .data          0x000000008101a700        0x0 binaries/lflseek.o
 .data          0x000000008101a700        0x0 binaries/lflwrite.o
 .data          0x000000008101a700        0x0 binaries/lfsckfmt.o
 .data          0x000000008101a700        0x0 binaries/lfscreate.o
 .data          0x000000008101a700        0x0 binaries/lfsetup.o
 .data          0x000000008101a700        0x0 binaries/lfsinit.o
 .data          0x000000008101a700        0x0 binaries/lfsopen.o
 .data          0x000000008101a700        0x0 binaries/lftruncate.o
 .data          0x000000008101a700        0x0 binaries/rflclose.o
 .data          0x000000008101a700        0x0 binaries/rflgetc.o
 .data          0x000000008101a700        0x0 binaries/rflinit.o
 .data          0x000000008101a700        0x0 binaries/rflputc.o
 .data          0x000000008101a700        0x0 binaries/rflread.o
 .data          0x000000008101a700        0x0 binaries/rflseek.o
 .data          0x000000008101a700        0x0 binaries/rflwrite.o
 .data          0x000000008101a700        0x0 binaries/rfscomm.o
 .data          0x000000008101a700        0x0 binaries/rfscontrol.o
 .data          0x000000008101a700        0x0 binaries/rfsgetmode.o
 .data          0x000000008101a700        0x0 binaries/rfsinit.o
 .data          0x000000008101a700        0x0 binaries/rfsndmsg.o
 .data          0x000000008101a700        0x0 binaries/rfsopen.o
 .data          0x000000008101a700        0x0 binaries/arp.o
 .data          0x000000008101a700        0x0 binaries/dhcp.o
 .data          0x000000008101a700        0x0 binaries/dns.o
 .data          0x000000008101a700        0x0 binaries/dot2ip.o
 .data          0x000000008101a700        0x0 binaries/hexdump.o
 .data          0x000000008101a700        0x4 binaries/icmp.o
 .data          0x000000008101a704        0x0 binaries/ip.o
 .data          0x000000008101a704        0x0 binaries/net.o
 .data          0x000000008101a704        0x0 binaries/netstart.o
 .data          0x000000008101a704        0x0 binaries/pdump.o
 .data          0x000000008101a704        0x0 binaries/tftp.o
 .data          0x000000008101a704        0x4 binaries/udp.o
 .data          0x000000008101a708        0x0 binaries/addargs.o
 .data          0x000000008101a708        0x0 binaries/lexan.o
 .data          0x000000008101a708        0x4 binaries/shell.o
                0x000000008101a708                ncmd
 .data          0x000000008101a70c        0x0 binaries/xsh_argecho.o
 .data          0x000000008101a70c        0x0 binaries/xsh_arp.o
 .data          0x000000008101a70c        0x0 binaries/xsh_cat.o
 .data          0x000000008101a70c        0x0 binaries/xsh_clear.o
 .data          0x000000008101a70c        0x0 binaries/xsh_date.o
 .data          0x000000008101a70c        0x0 binaries/xsh_devdump.o
 .data          0x000000008101a70c        0x0 binaries/xsh_echo.o
 .data          0x000000008101a70c        0x0 binaries/xsh_exit.o
 .data          0x000000008101a70c        0x0 binaries/xsh_fstest.o
 .data          0x000000008101a70c        0x0 binaries/xsh_hello.o
 .data          0x000000008101a70c        0x0 binaries/xsh_help.o
 .data          0x000000008101a70c        0x0 binaries/xsh_ipaddr.o
 .data          0x000000008101a70c        0x0 binaries/xsh_kill.o
 .data          0x000000008101a70c        0x0 binaries/xsh_led.o
 .data          0x000000008101a70c        0x0 binaries/xsh_memdump.o
 .data          0x000000008101a70c        0x0 binaries/xsh_memstat.o
 .data          0x000000008101a70c        0x0 binaries/xsh_network.o
 .data          0x000000008101a70c        0x0 binaries/xsh_newmem.o
 .data          0x000000008101a70c        0x0 binaries/xsh_ping.o
 .data          0x000000008101a70c        0x0 binaries/xsh_prodcons.o
 .data          0x000000008101a70c        0x0 binaries/xsh_ps.o
 .data          0x000000008101a70c        0x0 binaries/xsh_reset.o
 .data          0x000000008101a70c        0x0 binaries/xsh_sleep.o
 .data          0x000000008101a70c        0x0 binaries/xsh_udpdump.o
 .data          0x000000008101a70c        0x0 binaries/xsh_udpecho.o
 .data          0x000000008101a70c        0x0 binaries/xsh_udpeserver.o
 .data          0x000000008101a70c        0x0 binaries/xsh_uptime.o
 .data          0x000000008101a70c        0x0 binaries/consumer.o
 .data          0x000000008101a70c        0x0 binaries/future_cons.o
 .data          0x000000008101a70c        0x0 binaries/future_prod.o
 .data          0x000000008101a70c        0x0 binaries/network_consumer.o
 .data          0x000000008101a70c        0x0 binaries/network_producer.o
 .data          0x000000008101a70c        0x0 binaries/producer.o
 .data          0x000000008101a70c        0x0 binaries/testprocess.o
 .data          0x000000008101a70c        0x0 binaries/xinu_client.o
 .data          0x000000008101a70c        0x0 binaries/ctxsw.o
 .data          0x000000008101a70c        0x0 binaries/intr.o
 .data          0x000000008101a70c        0x0 /usr/lib/gcc/arm-none-eabi/4.9.3/libgcc.a(_udivsi3.o)
 .data          0x000000008101a70c        0x0 /usr/lib/gcc/arm-none-eabi/4.9.3/libgcc.a(_divsi3.o)
 .data          0x000000008101a70c        0x0 /usr/lib/gcc/arm-none-eabi/4.9.3/libgcc.a(_dvmd_tls.o)
                0x000000008101a70c                edata = ABSOLUTE (.)
                0x000000008101b000                . = ALIGN (0x1000)
 *fill*         0x000000008101a70c      0x8f4 

.igot.plt       0x000000008101b000        0x0
 .igot.plt      0x0000000000000000        0x0 binaries/start.o

.bss            0x000000008101b000    0x20000
                0x000000008101b000                bss = ABSOLUTE (.)
 *(.bss .bss.*)
 .bss           0x000000008101b000        0x0 binaries/start.o
 .bss           0x000000008101b000        0x0 binaries/ascdate.o
 .bss           0x000000008101b000        0x4 binaries/bs.o
                0x000000008101b000                dev0
 .bss           0x000000008101b004        0x0 binaries/bufinit.o
 .bss           0x000000008101b004        0x0 binaries/chprio.o
 .bss           0x000000008101b004        0x0 binaries/clkhandler.o
 .bss           0x000000008101b004        0x4 binaries/clkinit.o
                0x000000008101b004                ctr1000
 .bss           0x000000008101b008        0x0 binaries/close.o
 .bss           0x000000008101b008        0x0 binaries/conf.o
 .bss           0x000000008101b008        0x0 binaries/control.o
 .bss           0x000000008101b008        0x0 binaries/create.o
 .bss           0x000000008101b008        0x0 binaries/evec.o
 .bss           0x000000008101b008        0x0 binaries/exit.o
 .bss           0x000000008101b008        0x0 binaries/freebuf.o
 .bss           0x000000008101b008        0x0 binaries/freemem.o
 .bss           0x000000008101b008      0x260 binaries/fs.o
                0x000000008101b264                next_open_fd
 .bss           0x000000008101b268        0x0 binaries/future_alloc.o
 .bss           0x000000008101b268        0x0 binaries/future_free.o
 .bss           0x000000008101b268        0x0 binaries/future_get.o
 .bss           0x000000008101b268        0x0 binaries/future_queue.o
 .bss           0x000000008101b268        0x0 binaries/future_set.o
 .bss           0x000000008101b268        0x0 binaries/getbuf.o
 .bss           0x000000008101b268        0x0 binaries/getc.o
 .bss           0x000000008101b268        0x0 binaries/getdev.o
 .bss           0x000000008101b268        0x0 binaries/getitem.o
 .bss           0x000000008101b268        0x0 binaries/getmem.o
 .bss           0x000000008101b268        0x0 binaries/getpid.o
 .bss           0x000000008101b268        0x0 binaries/getprio.o
 .bss           0x000000008101b268        0x0 binaries/getstk.o
 .bss           0x000000008101b268        0x0 binaries/gettime.o
 .bss           0x000000008101b268        0x0 binaries/getutime.o
 .bss           0x000000008101b268        0x0 binaries/init.o
 .bss           0x000000008101b268        0x0 binaries/initialize.o
 .bss           0x000000008101b268        0x0 binaries/insert.o
 .bss           0x000000008101b268        0x0 binaries/insertd.o
 .bss           0x000000008101b268        0x0 binaries/ioerr.o
 .bss           0x000000008101b268        0x0 binaries/ionull.o
 .bss           0x000000008101b268        0x0 binaries/kill.o
 .bss           0x000000008101b268        0x0 binaries/killme.o
 .bss           0x000000008101b268        0x0 binaries/kprintf.o
 .bss           0x000000008101b268        0x0 binaries/main.o
 .bss           0x000000008101b268        0x0 binaries/mark.o
 .bss           0x000000008101b268        0x0 binaries/maxstk.o
 .bss           0x000000008101b268        0x0 binaries/meminit.o
 .bss           0x000000008101b268        0x0 binaries/mkbufpool.o
 .bss           0x000000008101b268        0x0 binaries/newcreate.o
 .bss           0x000000008101b268        0x0 binaries/newgetstk.o
 .bss           0x000000008101b268        0x0 binaries/newqueue.o
 .bss           0x000000008101b268        0x0 binaries/open.o
 .bss           0x000000008101b268        0x0 binaries/panic.o
 .bss           0x000000008101b268        0x0 binaries/platinit.o
 .bss           0x000000008101b268        0x0 binaries/ptclear.o
 .bss           0x000000008101b268        0x0 binaries/ptcount.o
 .bss           0x000000008101b268        0x0 binaries/ptcreate.o
 .bss           0x000000008101b268        0x0 binaries/ptdelete.o
 .bss           0x000000008101b268        0x0 binaries/ptinit.o
 .bss           0x000000008101b268        0x0 binaries/ptrecv.o
 .bss           0x000000008101b268        0x0 binaries/ptreset.o
 .bss           0x000000008101b268        0x0 binaries/ptsend.o
 .bss           0x000000008101b268        0x0 binaries/putc.o
 .bss           0x000000008101b268        0x0 binaries/queue.o
 .bss           0x000000008101b268        0x0 binaries/read.o
 .bss           0x000000008101b268        0x0 binaries/ready.o
 .bss           0x000000008101b268        0x0 binaries/receive.o
 .bss           0x000000008101b268        0x0 binaries/recvclr.o
 .bss           0x000000008101b268        0x0 binaries/recvtime.o
 .bss           0x000000008101b268        0x0 binaries/resched.o
 .bss           0x000000008101b268        0x0 binaries/resume.o
 .bss           0x000000008101b268        0x0 binaries/seek.o
 .bss           0x000000008101b268        0x0 binaries/semcount.o
 .bss           0x000000008101b268        0x4 binaries/semcreate.o
 .bss           0x000000008101b26c        0x0 binaries/semdelete.o
 .bss           0x000000008101b26c        0x0 binaries/semreset.o
 .bss           0x000000008101b26c        0x0 binaries/send.o
 .bss           0x000000008101b26c        0x0 binaries/signal.o
 .bss           0x000000008101b26c        0x0 binaries/signaln.o
 .bss           0x000000008101b26c        0x0 binaries/sleep.o
 .bss           0x000000008101b26c        0x0 binaries/suspend.o
 .bss           0x000000008101b26c        0x0 binaries/unsleep.o
 .bss           0x000000008101b26c        0x0 binaries/userret.o
 .bss           0x000000008101b26c        0x0 binaries/wait.o
 .bss           0x000000008101b26c        0x0 binaries/wakeup.o
 .bss           0x000000008101b26c        0x0 binaries/write.o
 .bss           0x000000008101b26c        0x0 binaries/xdone.o
 .bss           0x000000008101b26c        0x0 binaries/yield.o
 .bss           0x000000008101b26c        0x0 binaries/abs.o
 .bss           0x000000008101b26c        0x0 binaries/atoi.o
 .bss           0x000000008101b26c        0x0 binaries/atol.o
 .bss           0x000000008101b26c        0x0 binaries/bzero.o
 .bss           0x000000008101b26c        0x0 binaries/ctype_.o
 .bss           0x000000008101b26c        0x0 binaries/doprnt.o
 .bss           0x000000008101b26c        0x0 binaries/doscan.o
 .bss           0x000000008101b26c        0x0 binaries/fdoprnt.o
 .bss           0x000000008101b26c        0x0 binaries/fgetc.o
 .bss           0x000000008101b26c        0x0 binaries/fgets.o
 .bss           0x000000008101b26c        0x0 binaries/fprintf.o
 .bss           0x000000008101b26c        0x0 binaries/fputc.o
 .bss           0x000000008101b26c        0x0 binaries/fputs.o
 .bss           0x000000008101b26c        0x0 binaries/fscanf.o
 .bss           0x000000008101b26c        0x0 binaries/getchar.o
 .bss           0x000000008101b26c        0x0 binaries/labs.o
 .bss           0x000000008101b26c        0x0 binaries/memchr.o
 .bss           0x000000008101b26c        0x0 binaries/memcmp.o
 .bss           0x000000008101b26c        0x0 binaries/memcpy.o
 .bss           0x000000008101b26c        0x0 binaries/memset.o
 .bss           0x000000008101b26c        0x0 binaries/printf.o
 .bss           0x000000008101b26c        0x0 binaries/putchar.o
 .bss           0x000000008101b26c        0x8 binaries/qsort.o
 .bss           0x000000008101b274        0x0 binaries/rand.o
 .bss           0x000000008101b274        0x0 binaries/sprintf.o
 .bss           0x000000008101b274        0x0 binaries/sscanf.o
 .bss           0x000000008101b274        0x0 binaries/strchr.o
 .bss           0x000000008101b274        0x0 binaries/strcmp.o
 .bss           0x000000008101b274        0x0 binaries/strcpy.o
 .bss           0x000000008101b274        0x0 binaries/strlen.o
 .bss           0x000000008101b274        0x0 binaries/strncat.o
 .bss           0x000000008101b274        0x0 binaries/strncmp.o
 .bss           0x000000008101b274        0x0 binaries/strncpy.o
 .bss           0x000000008101b274        0x0 binaries/strnlen.o
 .bss           0x000000008101b274        0x0 binaries/strrchr.o
 .bss           0x000000008101b274        0x0 binaries/strstr.o
 .bss           0x000000008101b274        0x0 binaries/ttycontrol.o
 .bss           0x000000008101b274        0x0 binaries/ttygetc.o
 .bss           0x000000008101b274        0x0 binaries/ttyhandle_in.o
 .bss           0x000000008101b274        0x0 binaries/ttyhandle_out.o
 .bss           0x000000008101b274        0x0 binaries/ttyhandler.o
 .bss           0x000000008101b274        0x0 binaries/ttyinit.o
 .bss           0x000000008101b274        0x0 binaries/ttykickout.o
 .bss           0x000000008101b274        0x0 binaries/ttyputc.o
 .bss           0x000000008101b274        0x0 binaries/ttyread.o
 .bss           0x000000008101b274        0x0 binaries/ttywrite.o
 .bss           0x000000008101b274        0x0 binaries/mount.o
 .bss           0x000000008101b274        0x0 binaries/naminit.o
 .bss           0x000000008101b274        0x0 binaries/nammap.o
 .bss           0x000000008101b274        0x0 binaries/namopen.o
 .bss           0x000000008101b274        0x0 binaries/colon2mac.o
 .bss           0x000000008101b274        0x0 binaries/ethcontrol.o
 .bss           0x000000008101b274        0x0 binaries/ethhandler.o
 .bss           0x000000008101b274        0x0 binaries/ethinit.o
 .bss           0x000000008101b274        0x0 binaries/ethread.o
 .bss           0x000000008101b274        0x0 binaries/ethwrite.o
 .bss           0x000000008101b274        0x0 binaries/rdsbufalloc.o
 .bss           0x000000008101b274        0x0 binaries/rdsclose.o
 .bss           0x000000008101b274        0x0 binaries/rdscomm.o
 .bss           0x000000008101b274        0x0 binaries/rdscontrol.o
 .bss           0x000000008101b274        0x0 binaries/rdsinit.o
[...]
 .ARM.attributes
                0x00000000000028ee       0x35 binaries/netstart.o
 .ARM.attributes
                0x0000000000002923       0x35 binaries/pdump.o
 .ARM.attributes
                0x0000000000002958       0x35 binaries/tftp.o
 .ARM.attributes
                0x000000000000298d       0x35 binaries/udp.o
 .ARM.attributes
                0x00000000000029c2       0x35 binaries/addargs.o
 .ARM.attributes
                0x00000000000029f7       0x35 binaries/lexan.o
 .ARM.attributes
                0x0000000000002a2c       0x35 binaries/shell.o
 .ARM.attributes
                0x0000000000002a61       0x35 binaries/xsh_argecho.o
 .ARM.attributes
                0x0000000000002a96       0x35 binaries/xsh_arp.o
 .ARM.attributes
                0x0000000000002acb       0x35 binaries/xsh_cat.o
 .ARM.attributes
                0x0000000000002b00       0x35 binaries/xsh_clear.o
 .ARM.attributes
                0x0000000000002b35       0x35 binaries/xsh_date.o
 .ARM.attributes
                0x0000000000002b6a       0x35 binaries/xsh_devdump.o
 .ARM.attributes
                0x0000000000002b9f       0x35 binaries/xsh_echo.o
 .ARM.attributes
                0x0000000000002bd4       0x35 binaries/xsh_exit.o
 .ARM.attributes
                0x0000000000002c09       0x35 binaries/xsh_fstest.o
 .ARM.attributes
                0x0000000000002c3e       0x35 binaries/xsh_hello.o
 .ARM.attributes
                0x0000000000002c73       0x35 binaries/xsh_help.o
 .ARM.attributes
                0x0000000000002ca8       0x35 binaries/xsh_ipaddr.o
 .ARM.attributes
                0x0000000000002cdd       0x35 binaries/xsh_kill.o
 .ARM.attributes
                0x0000000000002d12       0x35 binaries/xsh_led.o
 .ARM.attributes
                0x0000000000002d47       0x35 binaries/xsh_memdump.o
 .ARM.attributes
                0x0000000000002d7c       0x35 binaries/xsh_memstat.o
 .ARM.attributes
                0x0000000000002db1       0x35 binaries/xsh_network.o
 .ARM.attributes
                0x0000000000002de6       0x35 binaries/xsh_newmem.o
 .ARM.attributes
                0x0000000000002e1b       0x35 binaries/xsh_ping.o
 .ARM.attributes
                0x0000000000002e50       0x35 binaries/xsh_prodcons.o
 .ARM.attributes
                0x0000000000002e85       0x35 binaries/xsh_ps.o
 .ARM.attributes
                0x0000000000002eba       0x35 binaries/xsh_reset.o
 .ARM.attributes
                0x0000000000002eef       0x35 binaries/xsh_sleep.o
 .ARM.attributes
                0x0000000000002f24       0x35 binaries/xsh_udpdump.o
 .ARM.attributes
                0x0000000000002f59       0x35 binaries/xsh_udpecho.o
 .ARM.attributes
                0x0000000000002f8e       0x35 binaries/xsh_udpeserver.o
 .ARM.attributes
                0x0000000000002fc3       0x35 binaries/xsh_uptime.o
 .ARM.attributes
                0x0000000000002ff8       0x35 binaries/consumer.o
 .ARM.attributes
                0x000000000000302d       0x35 binaries/future_cons.o
 .ARM.attributes
                0x0000000000003062       0x35 binaries/future_prod.o
 .ARM.attributes
                0x0000000000003097       0x35 binaries/network_consumer.o
 .ARM.attributes
                0x00000000000030cc       0x35 binaries/network_producer.o
 .ARM.attributes
                0x0000000000003101       0x35 binaries/producer.o
 .ARM.attributes
                0x0000000000003136       0x35 binaries/testprocess.o
 .ARM.attributes
                0x000000000000316b       0x35 binaries/xinu_client.o
 .ARM.attributes
                0x00000000000031a0       0x25 binaries/ctxsw.o
 .ARM.attributes
                0x00000000000031c5       0x25 binaries/intr.o
 .ARM.attributes
                0x00000000000031ea       0x18 /usr/lib/gcc/arm-none-eabi/4.9.3/libgcc.a(_udivsi3.o)
 .ARM.attributes
                0x0000000000003202       0x18 /usr/lib/gcc/arm-none-eabi/4.9.3/libgcc.a(_divsi3.o)
 .ARM.attributes
                0x000000000000321a       0x18 /usr/lib/gcc/arm-none-eabi/4.9.3/libgcc.a(_dvmd_tls.o)

.comment        0x0000000000000000       0x70
 .comment       0x0000000000000000       0x70 binaries/ascdate.o
                                         0x71 (size before relaxing)
 .comment       0x0000000000000000       0x71 binaries/bs.o
 .comment       0x0000000000000000       0x71 binaries/bufinit.o
 .comment       0x0000000000000000       0x71 binaries/chprio.o
 .comment       0x0000000000000000       0x71 binaries/clkhandler.o
 .comment       0x0000000000000000       0x71 binaries/clkinit.o
 .comment       0x0000000000000000       0x71 binaries/close.o
 .comment       0x0000000000000000       0x71 binaries/conf.o
 .comment       0x0000000000000000       0x71 binaries/control.o
 .comment       0x0000000000000000       0x71 binaries/create.o
 .comment       0x0000000000000000       0x71 binaries/evec.o
 .comment       0x0000000000000000       0x71 binaries/exit.o
 .comment       0x0000000000000000       0x71 binaries/freebuf.o
 .comment       0x0000000000000000       0x71 binaries/freemem.o
 .comment       0x0000000000000000       0x71 binaries/fs.o
 .comment       0x0000000000000000       0x71 binaries/future_alloc.o
 .comment       0x0000000000000000       0x71 binaries/future_free.o
 .comment       0x0000000000000000       0x71 binaries/future_get.o
 .comment       0x0000000000000000       0x71 binaries/future_queue.o
 .comment       0x0000000000000000       0x71 binaries/future_set.o
 .comment       0x0000000000000000       0x71 binaries/getbuf.o
 .comment       0x0000000000000000       0x71 binaries/getc.o
 .comment       0x0000000000000000       0x71 binaries/getdev.o
 .comment       0x0000000000000000       0x71 binaries/getitem.o
 .comment       0x0000000000000000       0x71 binaries/getmem.o
 .comment       0x0000000000000000       0x71 binaries/getpid.o
 .comment       0x0000000000000000       0x71 binaries/getprio.o
 .comment       0x0000000000000000       0x71 binaries/getstk.o
 .comment       0x0000000000000000       0x71 binaries/gettime.o
 .comment       0x0000000000000000       0x71 binaries/getutime.o
 .comment       0x0000000000000000       0x71 binaries/init.o
 .comment       0x0000000000000000       0x71 binaries/initialize.o
 .comment       0x0000000000000000       0x71 binaries/insert.o
 .comment       0x0000000000000000       0x71 binaries/insertd.o
 .comment       0x0000000000000000       0x71 binaries/ioerr.o
 .comment       0x0000000000000000       0x71 binaries/ionull.o
 .comment       0x0000000000000000       0x71 binaries/kill.o
 .comment       0x0000000000000000       0x71 binaries/killme.o
 .comment       0x0000000000000000       0x71 binaries/kprintf.o
 .comment       0x0000000000000000       0x71 binaries/main.o
 .comment       0x0000000000000000       0x71 binaries/mark.o
 .comment       0x0000000000000000       0x71 binaries/maxstk.o
 .comment       0x0000000000000000       0x71 binaries/meminit.o
 .comment       0x0000000000000000       0x71 binaries/mkbufpool.o
 .comment       0x0000000000000000       0x71 binaries/newcreate.o
 .comment       0x0000000000000000       0x71 binaries/newgetstk.o
 .comment       0x0000000000000000       0x71 binaries/newqueue.o
 .comment       0x0000000000000000       0x71 binaries/open.o
 .comment       0x0000000000000000       0x71 binaries/panic.o
 .comment       0x0000000000000000       0x71 binaries/platinit.o
 .comment       0x0000000000000000       0x71 binaries/ptclear.o
 .comment       0x0000000000000000       0x71 binaries/ptcount.o
 .comment       0x0000000000000000       0x71 binaries/ptcreate.o
 .comment       0x0000000000000000       0x71 binaries/ptdelete.o
 .comment       0x0000000000000000       0x71 binaries/ptinit.o
 .comment       0x0000000000000000       0x71 binaries/ptrecv.o
 .comment       0x0000000000000000       0x71 binaries/ptreset.o
 .comment       0x0000000000000000       0x71 binaries/ptsend.o
 .comment       0x0000000000000000       0x71 binaries/putc.o
 .comment       0x0000000000000000       0x71 binaries/queue.o
 .comment       0x0000000000000000       0x71 binaries/read.o
 .comment       0x0000000000000000       0x71 binaries/ready.o
 .comment       0x0000000000000000       0x71 binaries/receive.o
 .comment       0x0000000000000000       0x71 binaries/recvclr.o
 .comment       0x0000000000000000       0x71 binaries/recvtime.o
 .comment       0x0000000000000000       0x71 binaries/resched.o
 .comment       0x0000000000000000       0x71 binaries/resume.o
 .comment       0x0000000000000000       0x71 binaries/seek.o
 .comment       0x0000000000000000       0x71 binaries/semcount.o
 .comment       0x0000000000000000       0x71 binaries/semcreate.o
 .comment       0x0000000000000000       0x71 binaries/semdelete.o
 .comment       0x0000000000000000       0x71 binaries/semreset.o
 .comment       0x0000000000000000       0x71 binaries/send.o
 .comment       0x0000000000000000       0x71 binaries/signal.o
 .comment       0x0000000000000000       0x71 binaries/signaln.o
 .comment       0x0000000000000000       0x71 binaries/sleep.o
 .comment       0x0000000000000000       0x71 binaries/suspend.o
 .comment       0x0000000000000000       0x71 binaries/unsleep.o
 .comment       0x0000000000000000       0x71 binaries/userret.o
 .comment       0x0000000000000000       0x71 binaries/wait.o
 .comment       0x0000000000000000       0x71 binaries/wakeup.o
 .comment       0x0000000000000000       0x71 binaries/write.o
 .comment       0x0000000000000000       0x71 binaries/xdone.o
 .comment       0x0000000000000000       0x71 binaries/yield.o
 .comment       0x0000000000000000       0x71 binaries/abs.o
 .comment       0x0000000000000000       0x71 binaries/atoi.o
 .comment       0x0000000000000000       0x71 binaries/atol.o
 .comment       0x0000000000000000       0x71 binaries/bzero.o
 .comment       0x0000000000000000       0x71 binaries/ctype_.o
 .comment       0x0000000000000000       0x71 binaries/doprnt.o
 .comment       0x0000000000000000       0x71 binaries/doscan.o
 .comment       0x0000000000000000       0x71 binaries/fdoprnt.o
 .comment       0x0000000000000000       0x71 binaries/fgetc.o
 .comment       0x0000000000000000       0x71 binaries/fgets.o
 .comment       0x0000000000000000       0x71 binaries/fprintf.o
 .comment       0x0000000000000000       0x71 binaries/fputc.o
 .comment       0x0000000000000000       0x71 binaries/fputs.o
 .comment       0x0000000000000000       0x71 binaries/fscanf.o
 .comment       0x0000000000000000       0x71 binaries/getchar.o
 .comment       0x0000000000000000       0x71 binaries/labs.o
 .comment       0x0000000000000000       0x71 binaries/memchr.o
 .comment       0x0000000000000000       0x71 binaries/memcmp.o
 .comment       0x0000000000000000       0x71 binaries/memcpy.o
 .comment       0x0000000000000000       0x71 binaries/memset.o
 .comment       0x0000000000000000       0x71 binaries/printf.o
 .comment       0x0000000000000000       0x71 binaries/putchar.o
 .comment       0x0000000000000000       0x71 binaries/qsort.o
 .comment       0x0000000000000000       0x71 binaries/rand.o
 .comment       0x0000000000000000       0x71 binaries/sprintf.o
 .comment       0x0000000000000000       0x71 binaries/sscanf.o
 .comment       0x0000000000000000       0x71 binaries/strchr.o
 .comment       0x0000000000000000       0x71 binaries/strcmp.o
 .comment       0x0000000000000000       0x71 binaries/strcpy.o
 .comment       0x0000000000000000       0x71 binaries/strlen.o
 .comment       0x0000000000000000       0x71 binaries/strncat.o
 .comment       0x0000000000000000       0x71 binaries/strncmp.o
 .comment       0x0000000000000000       0x71 binaries/strncpy.o
 .comment       0x0000000000000000       0x71 binaries/strnlen.o
 .comment       0x0000000000000000       0x71 binaries/strrchr.o
 .comment       0x0000000000000000       0x71 binaries/strstr.o
 .comment       0x0000000000000000       0x71 binaries/ttycontrol.o
 .comment       0x0000000000000000       0x71 binaries/ttygetc.o
 .comment       0x0000000000000000       0x71 binaries/ttyhandle_in.o
 .comment       0x0000000000000000       0x71 binaries/ttyhandle_out.o
 .comment       0x0000000000000000       0x71 binaries/ttyhandler.o
 .comment       0x0000000000000000       0x71 binaries/ttyinit.o
 .comment       0x0000000000000000       0x71 binaries/ttykickout.o
 .comment       0x0000000000000000       0x71 binaries/ttyputc.o
 .comment       0x0000000000000000       0x71 binaries/ttyread.o
 .comment       0x0000000000000000       0x71 binaries/ttywrite.o
 .comment       0x0000000000000000       0x71 binaries/mount.o
 .comment       0x0000000000000000       0x71 binaries/naminit.o
 .comment       0x0000000000000000       0x71 binaries/nammap.o
 .comment       0x0000000000000000       0x71 binaries/namopen.o
 .comment       0x0000000000000000       0x71 binaries/colon2mac.o
 .comment       0x0000000000000000       0x71 binaries/ethcontrol.o
 .comment       0x0000000000000000       0x71 binaries/ethhandler.o
 .comment       0x0000000000000000       0x71 binaries/ethinit.o
 .comment       0x0000000000000000       0x71 binaries/ethread.o
 .comment       0x0000000000000000       0x71 binaries/ethwrite.o
 .comment       0x0000000000000000       0x71 binaries/rdsbufalloc.o
 .comment       0x0000000000000000       0x71 binaries/rdsclose.o
 .comment       0x0000000000000000       0x71 binaries/rdscomm.o
 .comment       0x0000000000000000       0x71 binaries/rdscontrol.o
 .comment       0x0000000000000000       0x71 binaries/rdsinit.o
 .comment       0x0000000000000000       0x71 binaries/rdsopen.o
 .comment       0x0000000000000000       0x71 binaries/rdsprocess.o
 .comment       0x0000000000000000       0x71 binaries/rdsread.o
 .comment       0x0000000000000000       0x71 binaries/rdswrite.o
 .comment       0x0000000000000000       0x71 binaries/ramclose.o
 .comment       0x0000000000000000       0x71 binaries/raminit.o
 .comment       0x0000000000000000       0x71 binaries/ramopen.o
 .comment       0x0000000000000000       0x71 binaries/ramread.o
 .comment       0x0000000000000000       0x71 binaries/ramwrite.o
 .comment       0x0000000000000000       0x71 binaries/lfdballoc.o
 .comment       0x0000000000000000       0x71 binaries/lfdbfree.o
 .comment       0x0000000000000000       0x71 binaries/lfflush.o
 .comment       0x0000000000000000       0x71 binaries/lfgetmode.o
 .comment       0x0000000000000000       0x71 binaries/lfiballoc.o
 .comment       0x0000000000000000       0x71 binaries/lfibclear.o
 .comment       0x0000000000000000       0x71 binaries/lfibget.o
 .comment       0x0000000000000000       0x71 binaries/lfibput.o
 .comment       0x0000000000000000       0x71 binaries/lflclose.o
 .comment       0x0000000000000000       0x71 binaries/lflcontrol.o
 .comment       0x0000000000000000       0x71 binaries/lflgetc.o
 .comment       0x0000000000000000       0x71 binaries/lflinit.o
 .comment       0x0000000000000000       0x71 binaries/lflputc.o
 .comment       0x0000000000000000       0x71 binaries/lflread.o
 .comment       0x0000000000000000       0x71 binaries/lflseek.o
 .comment       0x0000000000000000       0x71 binaries/lflwrite.o
 .comment       0x0000000000000000       0x71 binaries/lfsckfmt.o
 .comment       0x0000000000000000       0x71 binaries/lfscreate.o
 .comment       0x0000000000000000       0x71 binaries/lfsetup.o
 .comment       0x0000000000000000       0x71 binaries/lfsinit.o
 .comment       0x0000000000000000       0x71 binaries/lfsopen.o
 .comment       0x0000000000000000       0x71 binaries/lftruncate.o
 .comment       0x0000000000000000       0x71 binaries/rflclose.o
 .comment       0x0000000000000000       0x71 binaries/rflgetc.o
 .comment       0x0000000000000000       0x71 binaries/rflinit.o
 .comment       0x0000000000000000       0x71 binaries/rflputc.o
 .comment       0x0000000000000000       0x71 binaries/rflread.o
 .comment       0x0000000000000000       0x71 binaries/rflseek.o
 .comment       0x0000000000000000       0x71 binaries/rflwrite.o
 .comment       0x0000000000000000       0x71 binaries/rfscomm.o
 .comment       0x0000000000000000       0x71 binaries/rfscontrol.o
 .comment       0x0000000000000000       0x71 binaries/rfsgetmode.o
 .comment       0x0000000000000000       0x71 binaries/rfsinit.o
 .comment       0x0000000000000000       0x71 binaries/rfsndmsg.o
 .comment       0x0000000000000000       0x71 binaries/rfsopen.o
 .comment       0x0000000000000000       0x71 binaries/arp.o
 .comment       0x0000000000000000       0x71 binaries/dhcp.o
 .comment       0x0000000000000000       0x71 binaries/dns.o
 .comment       0x0000000000000000       0x71 binaries/dot2ip.o
 .comment       0x0000000000000000       0x71 binaries/hexdump.o
 .comment       0x0000000000000000       0x71 binaries/icmp.o
 .comment       0x0000000000000000       0x71 binaries/ip.o
 .comment       0x0000000000000000       0x71 binaries/net.o
 .comment       0x0000000000000000       0x71 binaries/netstart.o
 .comment       0x0000000000000000       0x71 binaries/pdump.o
 .comment       0x0000000000000000       0x71 binaries/tftp.o
 .comment       0x0000000000000000       0x71 binaries/udp.o
 .comment       0x0000000000000000       0x71 binaries/addargs.o
 .comment       0x0000000000000000       0x71 binaries/lexan.o
 .comment       0x0000000000000000       0x71 binaries/shell.o
 .comment       0x0000000000000000       0x71 binaries/xsh_argecho.o
 .comment       0x0000000000000000       0x71 binaries/xsh_arp.o
 .comment       0x0000000000000000       0x71 binaries/xsh_cat.o
 .comment       0x0000000000000000       0x71 binaries/xsh_clear.o
 .comment       0x0000000000000000       0x71 binaries/xsh_date.o
 .comment       0x0000000000000000       0x71 binaries/xsh_devdump.o
 .comment       0x0000000000000000       0x71 binaries/xsh_echo.o
 .comment       0x0000000000000000       0x71 binaries/xsh_exit.o
 .comment       0x0000000000000000       0x71 binaries/xsh_fstest.o
 .comment       0x0000000000000000       0x71 binaries/xsh_hello.o
 .comment       0x0000000000000000       0x71 binaries/xsh_help.o
 .comment       0x0000000000000000       0x71 binaries/xsh_ipaddr.o
 .comment       0x0000000000000000       0x71 binaries/xsh_kill.o
 .comment       0x0000000000000000       0x71 binaries/xsh_led.o
 .comment       0x0000000000000000       0x71 binaries/xsh_memdump.o
 .comment       0x0000000000000000       0x71 binaries/xsh_memstat.o
 .comment       0x0000000000000000       0x71 binaries/xsh_network.o
 .comment       0x0000000000000000       0x71 binaries/xsh_newmem.o
 .comment       0x0000000000000000       0x71 binaries/xsh_ping.o
 .comment       0x0000000000000000       0x71 binaries/xsh_prodcons.o
 .comment       0x0000000000000000       0x71 binaries/xsh_ps.o
 .comment       0x0000000000000000       0x71 binaries/xsh_reset.o
 .comment       0x0000000000000000       0x71 binaries/xsh_sleep.o
 .comment       0x0000000000000000       0x71 binaries/xsh_udpdump.o
 .comment       0x0000000000000000       0x71 binaries/xsh_udpecho.o
 .comment       0x0000000000000000       0x71 binaries/xsh_udpeserver.o
 .comment       0x0000000000000000       0x71 binaries/xsh_uptime.o
 .comment       0x0000000000000000       0x71 binaries/consumer.o
 .comment       0x0000000000000000       0x71 binaries/future_cons.o
 .comment       0x0000000000000000       0x71 binaries/future_prod.o
 .comment       0x0000000000000000       0x71 binaries/network_consumer.o
 .comment       0x0000000000000000       0x71 binaries/network_producer.o
 .comment       0x0000000000000000       0x71 binaries/producer.o
 .comment       0x0000000000000000       0x71 binaries/testprocess.o
 .comment       0x0000000000000000       0x71 binaries/xinu_client.o

.debug_frame    0x0000000000000000       0x40
 .debug_frame   0x0000000000000000       0x20 /usr/lib/gcc/arm-none-eabi/4.9.3/libgcc.a(_udivsi3.o)
 .debug_frame   0x0000000000000020       0x20 /usr/lib/gcc/arm-none-eabi/4.9.3/libgcc.a(_divsi3.o)
